BL51 BANKED LINKER/LOCATER V6.11                                                        08/08/2010  05:42:42  PAGE 1


BL51 BANKED LINKER/LOCATER V6.11, INVOKED BY:
C:\KEIL\C51\BIN\BL51.EXE TEST_IC_V2_H.obj TO TEST_IC_V2_H RAMSIZE (256) CODE (0X0000-0X7FFF)


MEMORY MODEL: COMPACT


INPUT MODULES INCLUDED:
  TEST_IC_V2_H.obj (TEST_IC_V2_H)
  C:\KEIL\C51\LIB\C51C.LIB (?C_STARTUP)
  C:\KEIL\C51\LIB\C51C.LIB (?C?CLDPTR)
  C:\KEIL\C51\LIB\C51C.LIB (?C?IMUL)
  C:\KEIL\C51\LIB\C51C.LIB (?C?SIDIV)
  C:\KEIL\C51\LIB\C51C.LIB (?C?ULCMP)
  C:\KEIL\C51\LIB\C51C.LIB (?C?LSTPDATA)
  C:\KEIL\C51\LIB\C51C.LIB (PRINTF)
  C:\KEIL\C51\LIB\C51C.LIB (?C_INIT)
  C:\KEIL\C51\LIB\C51C.LIB (?C?CLDOPTR)
  C:\KEIL\C51\LIB\C51C.LIB (?C?CSTPTR)
  C:\KEIL\C51\LIB\C51C.LIB (?C?UIDIV)
  C:\KEIL\C51\LIB\C51C.LIB (?C?PLDIPDATA)
  C:\KEIL\C51\LIB\C51C.LIB (?C?PSTPDATA)
  C:\KEIL\C51\LIB\C51C.LIB (?C?CCASE)
  C:\KEIL\C51\LIB\C51C.LIB (PUTCHAR)


LINK MAP OF MODULE:  TEST_IC_V2_H (TEST_IC_V2_H)


            TYPE    BASE      LENGTH    RELOCATION   SEGMENT NAME
            -----------------------------------------------------

            * * * * * * *   D A T A   M E M O R Y   * * * * * * *
            REG     0000H     0008H     ABSOLUTE     "REG BANK 0"
            DATA    0008H     0005H     UNIT         _DATA_GROUP_
                    000DH     0013H                  *** GAP ***
            BIT     0020H.0   0001H.1   UNIT         _BIT_GROUP_
                    0021H.1   0000H.7                *** GAP ***
            IDATA   0022H     0001H     UNIT         ?STACK

            * * * * * * *  X D A T A   M E M O R Y  * * * * * * *
            XDATA   0000H     00C5H     INPAGE       ?PD?TEST_IC_V2_H
            XDATA   00C5H     000FH     INPAGE       _PDATA_GROUP_

            * * * * * * *   C O D E   M E M O R Y   * * * * * * *
            CODE    0000H     0003H     ABSOLUTE     
            CODE    0003H     035BH     UNIT         ?PR?PRINTF?PRINTF
            CODE    035EH     029AH     UNIT         ?CO?TEST_IC_V2_H
            CODE    05F8H     01AAH     INBLOCK      ?PR?MAIN_TEST?TEST_IC_V2_H
            CODE    07A2H     004DH     INBLOCK      ?PR?TEST_IC7404_ALL?TEST_IC_V2_H
            CODE    07EFH     000DH     INBLOCK      ?PR?LCD_LINE4?TEST_IC_V2_H
            CODE    07FCH     0003H     INBLOCK      ?PR?MAIN?TEST_IC_V2_H
                    07FFH     0001H                  *** GAP ***
            CODE    0800H     022CH     INBLOCK      ?PR?TEST_IC7402_IC1?TEST_IC_V2_H
            CODE    0A2CH     022CH     INBLOCK      ?PR?TEST_IC7402_IC2?TEST_IC_V2_H
            CODE    0C58H     022CH     INBLOCK      ?PR?TEST_IC7403_IC1?TEST_IC_V2_H
            CODE    0E84H     016BH     UNIT         ?C_INITSEG
            CODE    0FEFH     000DH     INBLOCK      ?PR?CLEAR_LCD?TEST_IC_V2_H
BL51 BANKED LINKER/LOCATER V6.11                                                      08/08/2010  05:42:42  PAGE 2


                    0FFCH     0004H                  *** GAP ***
            CODE    1000H     022CH     INBLOCK      ?PR?TEST_IC7403_IC2?TEST_IC_V2_H
            CODE    122CH     022CH     INBLOCK      ?PR?TEST_IC7408_IC1?TEST_IC_V2_H
            CODE    1458H     022CH     INBLOCK      ?PR?TEST_IC7408_IC2?TEST_IC_V2_H
            CODE    1684H     0165H     INBLOCK      ?PR?TEST_IC7404_ALL_AUTO?TEST_IC_V2_H
            CODE    17E9H     0015H     INBLOCK      ?PR?I2C_STOP?TEST_IC_V2_H
                    17FEH     0002H                  *** GAP ***
            CODE    1800H     022CH     INBLOCK      ?PR?TEST_IC7432_IC1?TEST_IC_V2_H
            CODE    1A2CH     022CH     INBLOCK      ?PR?TEST_IC7432_IC2?TEST_IC_V2_H
            CODE    1C58H     022CH     INBLOCK      ?PR?TEST_IC7486_IC1?TEST_IC_V2_H
            CODE    1E84H     015AH     INBLOCK      ?PR?TEST_MANUAL?TEST_IC_V2_H
            CODE    1FDEH     0020H     INBLOCK      ?PR?_DELAY_SOUND_MS?TEST_IC_V2_H
                    1FFEH     0002H                  *** GAP ***
            CODE    2000H     022CH     INBLOCK      ?PR?TEST_IC7486_IC2?TEST_IC_V2_H
            CODE    222CH     022AH     INBLOCK      ?PR?TEST_IC7400_IC1?TEST_IC_V2_H
            CODE    2456H     022AH     INBLOCK      ?PR?TEST_IC7400_IC2?TEST_IC_V2_H
            CODE    2680H     0157H     INBLOCK      ?PR?TEST_AUTO?TEST_IC_V2_H
            CODE    27D7H     0029H     INBLOCK      ?PR?_I2C_WRDATA?TEST_IC_V2_H
            CODE    2800H     022AH     INBLOCK      ?PR?TEST_IC7401_IC1?TEST_IC_V2_H
            CODE    2A2AH     022AH     INBLOCK      ?PR?TEST_IC7401_IC2?TEST_IC_V2_H
            CODE    2C54H     0216H     INBLOCK      ?PR?TEST_IC7404_IC1?TEST_IC_V2_H
            CODE    2E6AH     0151H     INBLOCK      ?PR?TEST_IC7400_ALL_AUTO?TEST_IC_V2_H
            CODE    2FBBH     003EH     INBLOCK      ?PR?_DELAY_SOUND?TEST_IC_V2_H
            CODE    2FF9H     0005H     INBLOCK      ?PR?LCD_LINE1?TEST_IC_V2_H
                    2FFEH     0002H                  *** GAP ***
            CODE    3000H     0216H     INBLOCK      ?PR?TEST_IC7404_IC2?TEST_IC_V2_H
            CODE    3216H     0151H     INBLOCK      ?PR?TEST_IC7401_ALL_AUTO?TEST_IC_V2_H
            CODE    3367H     0151H     INBLOCK      ?PR?TEST_IC7402_ALL_AUTO?TEST_IC_V2_H
            CODE    34B8H     0151H     INBLOCK      ?PR?TEST_IC7403_ALL_AUTO?TEST_IC_V2_H
            CODE    3609H     0151H     INBLOCK      ?PR?TEST_IC7408_ALL_AUTO?TEST_IC_V2_H
            CODE    375AH     0098H     INBLOCK      ?PR?TEST_7400_IC1_CONDITION_00?TEST_IC_V2_H
            CODE    37F2H     000BH     INBLOCK      ?PR?I2C_CLK?TEST_IC_V2_H
                    37FDH     0003H                  *** GAP ***
            CODE    3800H     0151H     INBLOCK      ?PR?TEST_IC7432_ALL_AUTO?TEST_IC_V2_H
            CODE    3951H     0151H     INBLOCK      ?PR?TEST_IC7486_ALL_AUTO?TEST_IC_V2_H
            CODE    3AA2H     0151H     UNIT         ?C?LIB_CODE
            CODE    3BF3H     0112H     INBLOCK      ?PR?SCANKEY?TEST_IC_V2_H
            CODE    3D05H     00D8H     INBLOCK      ?PR?TEST_7404_IC1_CONDITION_0?TEST_IC_V2_H
            CODE    3DDDH     00D8H     INBLOCK      ?PR?TEST_7404_IC2_CONDITION_0?TEST_IC_V2_H
            CODE    3EB5H     00D7H     INBLOCK      ?PR?TEST_7404_IC1_CONDITION_1?TEST_IC_V2_H
            CODE    3F8CH     0073H     INBLOCK      ?PR?PRINT_LCD_BACK_TO_MENU?TEST_IC_V2_H
                    3FFFH     0001H                  *** GAP ***
            CODE    4000H     00D7H     INBLOCK      ?PR?TEST_7404_IC2_CONDITION_1?TEST_IC_V2_H
            CODE    40D7H     00BEH     INBLOCK      ?PR?INPUT_NUMBER_IC?TEST_IC_V2_H
            CODE    4195H     0098H     INBLOCK      ?PR?TEST_7400_IC1_CONDITION_01?TEST_IC_V2_H
            CODE    422DH     0098H     INBLOCK      ?PR?TEST_7400_IC1_CONDITION_10?TEST_IC_V2_H
            CODE    42C5H     0098H     INBLOCK      ?PR?TEST_7400_IC2_CONDITION_00?TEST_IC_V2_H
            CODE    435DH     0098H     INBLOCK      ?PR?TEST_7400_IC2_CONDITION_01?TEST_IC_V2_H
            CODE    43F5H     0098H     INBLOCK      ?PR?TEST_7400_IC2_CONDITION_10?TEST_IC_V2_H
            CODE    448DH     0098H     INBLOCK      ?PR?TEST_7401_IC1_CONDITION_00?TEST_IC_V2_H
            CODE    4525H     0098H     INBLOCK      ?PR?TEST_7401_IC1_CONDITION_01?TEST_IC_V2_H
            CODE    45BDH     0098H     INBLOCK      ?PR?TEST_7401_IC1_CONDITION_10?TEST_IC_V2_H
            CODE    4655H     0098H     INBLOCK      ?PR?TEST_7401_IC2_CONDITION_00?TEST_IC_V2_H
            CODE    46EDH     0098H     INBLOCK      ?PR?TEST_7401_IC2_CONDITION_01?TEST_IC_V2_H
            CODE    4785H     0061H     INBLOCK      ?PR?TEST_7404_IC1_CONDITION_0_AUTO?TEST_IC_V2_H
            CODE    47E6H     0018H     INBLOCK      ?PR?_WRITE_CMD_LCD?TEST_IC_V2_H
                    47FEH     0002H                  *** GAP ***
BL51 BANKED LINKER/LOCATER V6.11                                                      08/08/2010  05:42:42  PAGE 3


            CODE    4800H     0098H     INBLOCK      ?PR?TEST_7401_IC2_CONDITION_10?TEST_IC_V2_H
            CODE    4898H     0098H     INBLOCK      ?PR?TEST_7402_IC1_CONDITION_00?TEST_IC_V2_H
            CODE    4930H     0098H     INBLOCK      ?PR?TEST_7402_IC2_CONDITION_00?TEST_IC_V2_H
            CODE    49C8H     0098H     INBLOCK      ?PR?TEST_7403_IC1_CONDITION_00?TEST_IC_V2_H
            CODE    4A60H     0098H     INBLOCK      ?PR?TEST_7403_IC1_CONDITION_01?TEST_IC_V2_H
            CODE    4AF8H     0098H     INBLOCK      ?PR?TEST_7403_IC1_CONDITION_10?TEST_IC_V2_H
            CODE    4B90H     0098H     INBLOCK      ?PR?TEST_7403_IC2_CONDITION_00?TEST_IC_V2_H
            CODE    4C28H     0098H     INBLOCK      ?PR?TEST_7403_IC2_CONDITION_01?TEST_IC_V2_H
            CODE    4CC0H     0098H     INBLOCK      ?PR?TEST_7403_IC2_CONDITION_10?TEST_IC_V2_H
            CODE    4D58H     0098H     INBLOCK      ?PR?TEST_7408_IC1_CONDITION_11?TEST_IC_V2_H
            CODE    4DF0H     0098H     INBLOCK      ?PR?TEST_7408_IC2_CONDITION_11?TEST_IC_V2_H
            CODE    4E88H     0098H     INBLOCK      ?PR?TEST_7432_IC1_CONDITION_01?TEST_IC_V2_H
            CODE    4F20H     0098H     INBLOCK      ?PR?TEST_7432_IC1_CONDITION_10?TEST_IC_V2_H
            CODE    4FB8H     0046H     INBLOCK      ?PR?_DELAY_KEYPAD?TEST_IC_V2_H
                    4FFEH     0002H                  *** GAP ***
            CODE    5000H     0098H     INBLOCK      ?PR?TEST_7432_IC1_CONDITION_11?TEST_IC_V2_H
            CODE    5098H     0098H     INBLOCK      ?PR?TEST_7432_IC2_CONDITION_01?TEST_IC_V2_H
            CODE    5130H     0098H     INBLOCK      ?PR?TEST_7432_IC2_CONDITION_10?TEST_IC_V2_H
            CODE    51C8H     0098H     INBLOCK      ?PR?TEST_7432_IC2_CONDITION_11?TEST_IC_V2_H
            CODE    5260H     0098H     INBLOCK      ?PR?TEST_7486_IC1_CONDITION_01?TEST_IC_V2_H
            CODE    52F8H     0098H     INBLOCK      ?PR?TEST_7486_IC1_CONDITION_10?TEST_IC_V2_H
            CODE    5390H     0098H     INBLOCK      ?PR?TEST_7486_IC2_CONDITION_01?TEST_IC_V2_H
            CODE    5428H     0098H     INBLOCK      ?PR?TEST_7486_IC2_CONDITION_10?TEST_IC_V2_H
            CODE    54C0H     0097H     INBLOCK      ?PR?TEST_7400_IC1_CONDITION_11?TEST_IC_V2_H
            CODE    5557H     0097H     INBLOCK      ?PR?TEST_7400_IC2_CONDITION_11?TEST_IC_V2_H
            CODE    55EEH     0097H     INBLOCK      ?PR?TEST_7401_IC1_CONDITION_11?TEST_IC_V2_H
            CODE    5685H     0097H     INBLOCK      ?PR?TEST_7401_IC2_CONDITION_11?TEST_IC_V2_H
            CODE    571CH     0097H     INBLOCK      ?PR?TEST_7402_IC1_CONDITION_01?TEST_IC_V2_H
            CODE    57B3H     004DH     INBLOCK      ?PR?_DELAY?TEST_IC_V2_H
            CODE    5800H     0097H     INBLOCK      ?PR?TEST_7402_IC1_CONDITION_10?TEST_IC_V2_H
            CODE    5897H     0097H     INBLOCK      ?PR?TEST_7402_IC1_CONDITION_11?TEST_IC_V2_H
            CODE    592EH     0097H     INBLOCK      ?PR?TEST_7402_IC2_CONDITION_01?TEST_IC_V2_H
            CODE    59C5H     0097H     INBLOCK      ?PR?TEST_7402_IC2_CONDITION_10?TEST_IC_V2_H
            CODE    5A5CH     0097H     INBLOCK      ?PR?TEST_7402_IC2_CONDITION_11?TEST_IC_V2_H
            CODE    5AF3H     0097H     INBLOCK      ?PR?TEST_7403_IC1_CONDITION_11?TEST_IC_V2_H
            CODE    5B8AH     0097H     INBLOCK      ?PR?TEST_7403_IC2_CONDITION_11?TEST_IC_V2_H
            CODE    5C21H     0097H     INBLOCK      ?PR?TEST_7408_IC1_CONDITION_00?TEST_IC_V2_H
            CODE    5CB8H     0097H     INBLOCK      ?PR?TEST_7408_IC1_CONDITION_01?TEST_IC_V2_H
            CODE    5D4FH     0097H     INBLOCK      ?PR?TEST_7408_IC1_CONDITION_10?TEST_IC_V2_H
            CODE    5DE6H     0097H     INBLOCK      ?PR?TEST_7408_IC2_CONDITION_00?TEST_IC_V2_H
            CODE    5E7DH     0097H     INBLOCK      ?PR?TEST_7408_IC2_CONDITION_01?TEST_IC_V2_H
            CODE    5F14H     0097H     INBLOCK      ?PR?TEST_7408_IC2_CONDITION_10?TEST_IC_V2_H
            CODE    5FABH     004BH     INBLOCK      ?PR?BACK_TO_MENU?TEST_IC_V2_H
            CODE    5FF6H     0009H     INBLOCK      ?PR?I2C_DELAY?TEST_IC_V2_H
                    5FFFH     0001H                  *** GAP ***
            CODE    6000H     0097H     INBLOCK      ?PR?TEST_7432_IC1_CONDITION_00?TEST_IC_V2_H
            CODE    6097H     0097H     INBLOCK      ?PR?TEST_7432_IC2_CONDITION_00?TEST_IC_V2_H
            CODE    612EH     0097H     INBLOCK      ?PR?TEST_7486_IC1_CONDITION_00?TEST_IC_V2_H
            CODE    61C5H     0097H     INBLOCK      ?PR?TEST_7486_IC1_CONDITION_11?TEST_IC_V2_H
            CODE    625CH     0097H     INBLOCK      ?PR?TEST_7486_IC2_CONDITION_00?TEST_IC_V2_H
            CODE    62F3H     0097H     INBLOCK      ?PR?TEST_7486_IC2_CONDITION_11?TEST_IC_V2_H
            CODE    638AH     0092H     INBLOCK      ?PR?_SOUND_FREQ?TEST_IC_V2_H
            CODE    641CH     008CH     UNIT         ?C_C51STARTUP
            CODE    64A8H     0084H     INBLOCK      ?PR?INPUT_MODE?TEST_IC_V2_H
            CODE    652CH     0061H     INBLOCK      ?PR?TEST_7404_IC1_CONDITION_1_AUTO?TEST_IC_V2_H
            CODE    658DH     0061H     INBLOCK      ?PR?TEST_7404_IC2_CONDITION_0_AUTO?TEST_IC_V2_H
            CODE    65EEH     0061H     INBLOCK      ?PR?TEST_7404_IC2_CONDITION_1_AUTO?TEST_IC_V2_H
BL51 BANKED LINKER/LOCATER V6.11                                                      08/08/2010  05:42:42  PAGE 4


            CODE    664FH     0049H     INBLOCK      ?PR?TEST_7400_IC1_CONDITION_00_AUTO?TEST_IC_V2_H
            CODE    6698H     0049H     INBLOCK      ?PR?TEST_7400_IC1_CONDITION_01_AUTO?TEST_IC_V2_H
            CODE    66E1H     0049H     INBLOCK      ?PR?TEST_7400_IC1_CONDITION_10_AUTO?TEST_IC_V2_H
            CODE    672AH     0049H     INBLOCK      ?PR?TEST_7400_IC1_CONDITION_11_AUTO?TEST_IC_V2_H
            CODE    6773H     0049H     INBLOCK      ?PR?TEST_7400_IC2_CONDITION_00_AUTO?TEST_IC_V2_H
            CODE    67BCH     003EH     INBLOCK      ?PR?_DELAY_TEST_7400?TEST_IC_V2_H
            CODE    67FAH     0005H     INBLOCK      ?PR?LCD_LINE2?TEST_IC_V2_H
                    67FFH     0001H                  *** GAP ***
            CODE    6800H     0049H     INBLOCK      ?PR?TEST_7400_IC2_CONDITION_01_AUTO?TEST_IC_V2_H
            CODE    6849H     0049H     INBLOCK      ?PR?TEST_7400_IC2_CONDITION_10_AUTO?TEST_IC_V2_H
            CODE    6892H     0049H     INBLOCK      ?PR?TEST_7400_IC2_CONDITION_11_AUTO?TEST_IC_V2_H
            CODE    68DBH     0049H     INBLOCK      ?PR?TEST_7401_IC1_CONDITION_00_AUTO?TEST_IC_V2_H
            CODE    6924H     0049H     INBLOCK      ?PR?TEST_7401_IC1_CONDITION_01_AUTO?TEST_IC_V2_H
            CODE    696DH     0049H     INBLOCK      ?PR?TEST_7401_IC1_CONDITION_10_AUTO?TEST_IC_V2_H
            CODE    69B6H     0049H     INBLOCK      ?PR?TEST_7401_IC1_CONDITION_11_AUTO?TEST_IC_V2_H
            CODE    69FFH     0049H     INBLOCK      ?PR?TEST_7401_IC2_CONDITION_00_AUTO?TEST_IC_V2_H
            CODE    6A48H     0049H     INBLOCK      ?PR?TEST_7401_IC2_CONDITION_01_AUTO?TEST_IC_V2_H
            CODE    6A91H     0049H     INBLOCK      ?PR?TEST_7401_IC2_CONDITION_10_AUTO?TEST_IC_V2_H
            CODE    6ADAH     0049H     INBLOCK      ?PR?TEST_7401_IC2_CONDITION_11_AUTO?TEST_IC_V2_H
            CODE    6B23H     0049H     INBLOCK      ?PR?TEST_7402_IC1_CONDITION_00_AUTO?TEST_IC_V2_H
            CODE    6B6CH     0049H     INBLOCK      ?PR?TEST_7402_IC1_CONDITION_01_AUTO?TEST_IC_V2_H
            CODE    6BB5H     0049H     INBLOCK      ?PR?TEST_7402_IC1_CONDITION_10_AUTO?TEST_IC_V2_H
            CODE    6BFEH     0049H     INBLOCK      ?PR?TEST_7402_IC1_CONDITION_11_AUTO?TEST_IC_V2_H
            CODE    6C47H     0049H     INBLOCK      ?PR?TEST_7402_IC2_CONDITION_00_AUTO?TEST_IC_V2_H
            CODE    6C90H     0049H     INBLOCK      ?PR?TEST_7402_IC2_CONDITION_01_AUTO?TEST_IC_V2_H
            CODE    6CD9H     0049H     INBLOCK      ?PR?TEST_7402_IC2_CONDITION_10_AUTO?TEST_IC_V2_H
            CODE    6D22H     0049H     INBLOCK      ?PR?TEST_7402_IC2_CONDITION_11_AUTO?TEST_IC_V2_H
            CODE    6D6BH     0049H     INBLOCK      ?PR?TEST_7403_IC1_CONDITION_00_AUTO?TEST_IC_V2_H
            CODE    6DB4H     0049H     INBLOCK      ?PR?TEST_7403_IC1_CONDITION_01_AUTO?TEST_IC_V2_H
            CODE    6DFDH     0049H     INBLOCK      ?PR?TEST_7403_IC1_CONDITION_10_AUTO?TEST_IC_V2_H
            CODE    6E46H     0049H     INBLOCK      ?PR?TEST_7403_IC1_CONDITION_11_AUTO?TEST_IC_V2_H
            CODE    6E8FH     0049H     INBLOCK      ?PR?TEST_7403_IC2_CONDITION_00_AUTO?TEST_IC_V2_H
            CODE    6ED8H     0049H     INBLOCK      ?PR?TEST_7403_IC2_CONDITION_01_AUTO?TEST_IC_V2_H
            CODE    6F21H     0049H     INBLOCK      ?PR?TEST_7403_IC2_CONDITION_10_AUTO?TEST_IC_V2_H
            CODE    6F6AH     0049H     INBLOCK      ?PR?TEST_7403_IC2_CONDITION_11_AUTO?TEST_IC_V2_H
            CODE    6FB3H     0049H     INBLOCK      ?PR?TEST_7408_IC1_CONDITION_00_AUTO?TEST_IC_V2_H
                    6FFCH     0004H                  *** GAP ***
            CODE    7000H     0049H     INBLOCK      ?PR?TEST_7408_IC1_CONDITION_01_AUTO?TEST_IC_V2_H
            CODE    7049H     0049H     INBLOCK      ?PR?TEST_7408_IC1_CONDITION_10_AUTO?TEST_IC_V2_H
            CODE    7092H     0049H     INBLOCK      ?PR?TEST_7408_IC1_CONDITION_11_AUTO?TEST_IC_V2_H
            CODE    70DBH     0049H     INBLOCK      ?PR?TEST_7408_IC2_CONDITION_00_AUTO?TEST_IC_V2_H
            CODE    7124H     0049H     INBLOCK      ?PR?TEST_7408_IC2_CONDITION_01_AUTO?TEST_IC_V2_H
            CODE    716DH     0049H     INBLOCK      ?PR?TEST_7408_IC2_CONDITION_10_AUTO?TEST_IC_V2_H
            CODE    71B6H     0049H     INBLOCK      ?PR?TEST_7408_IC2_CONDITION_11_AUTO?TEST_IC_V2_H
            CODE    71FFH     0049H     INBLOCK      ?PR?TEST_7432_IC1_CONDITION_00_AUTO?TEST_IC_V2_H
            CODE    7248H     0049H     INBLOCK      ?PR?TEST_7432_IC1_CONDITION_01_AUTO?TEST_IC_V2_H
            CODE    7291H     0049H     INBLOCK      ?PR?TEST_7432_IC1_CONDITION_10_AUTO?TEST_IC_V2_H
            CODE    72DAH     0049H     INBLOCK      ?PR?TEST_7432_IC1_CONDITION_11_AUTO?TEST_IC_V2_H
            CODE    7323H     0049H     INBLOCK      ?PR?TEST_7432_IC2_CONDITION_00_AUTO?TEST_IC_V2_H
            CODE    736CH     0049H     INBLOCK      ?PR?TEST_7432_IC2_CONDITION_01_AUTO?TEST_IC_V2_H
            CODE    73B5H     0049H     INBLOCK      ?PR?TEST_7432_IC2_CONDITION_10_AUTO?TEST_IC_V2_H
            CODE    73FEH     0049H     INBLOCK      ?PR?TEST_7432_IC2_CONDITION_11_AUTO?TEST_IC_V2_H
            CODE    7447H     0049H     INBLOCK      ?PR?TEST_7486_IC1_CONDITION_00_AUTO?TEST_IC_V2_H
            CODE    7490H     0049H     INBLOCK      ?PR?TEST_7486_IC1_CONDITION_01_AUTO?TEST_IC_V2_H
            CODE    74D9H     0049H     INBLOCK      ?PR?TEST_7486_IC1_CONDITION_10_AUTO?TEST_IC_V2_H
            CODE    7522H     0049H     INBLOCK      ?PR?TEST_7486_IC1_CONDITION_11_AUTO?TEST_IC_V2_H
            CODE    756BH     0049H     INBLOCK      ?PR?TEST_7486_IC2_CONDITION_00_AUTO?TEST_IC_V2_H
BL51 BANKED LINKER/LOCATER V6.11                                                      08/08/2010  05:42:42  PAGE 5


            CODE    75B4H     0049H     INBLOCK      ?PR?TEST_7486_IC2_CONDITION_01_AUTO?TEST_IC_V2_H
            CODE    75FDH     0049H     INBLOCK      ?PR?TEST_7486_IC2_CONDITION_10_AUTO?TEST_IC_V2_H
            CODE    7646H     0049H     INBLOCK      ?PR?TEST_7486_IC2_CONDITION_11_AUTO?TEST_IC_V2_H
            CODE    768FH     0046H     INBLOCK      ?PR?_DELAY_LCD?TEST_IC_V2_H
            CODE    76D5H     003EH     INBLOCK      ?PR?_DELAY_TEST_7401?TEST_IC_V2_H
            CODE    7713H     003EH     INBLOCK      ?PR?_DELAY_TEST_7402?TEST_IC_V2_H
            CODE    7751H     003EH     INBLOCK      ?PR?_DELAY_TEST_7403?TEST_IC_V2_H
            CODE    778FH     003EH     INBLOCK      ?PR?TEST_IC7404_IC1_AUTO?TEST_IC_V2_H
            CODE    77CDH     0032H     INBLOCK      ?PR?INTITIAL_LCD?TEST_IC_V2_H
                    77FFH     0001H                  *** GAP ***
            CODE    7800H     003EH     INBLOCK      ?PR?TEST_IC7404_IC2_AUTO?TEST_IC_V2_H
            CODE    783EH     003EH     INBLOCK      ?PR?_DELAY_TEST_7404?TEST_IC_V2_H
            CODE    787CH     003EH     INBLOCK      ?PR?_DELAY_TEST_7408?TEST_IC_V2_H
            CODE    78BAH     003EH     INBLOCK      ?PR?_DELAY_TEST_7432?TEST_IC_V2_H
            CODE    78F8H     003EH     INBLOCK      ?PR?_DELAY_TEST_7486?TEST_IC_V2_H
            CODE    7936H     0039H     INBLOCK      ?PR?TEST_IC7400_ALL?TEST_IC_V2_H
            CODE    796FH     0039H     INBLOCK      ?PR?TEST_IC7401_ALL?TEST_IC_V2_H
            CODE    79A8H     0039H     INBLOCK      ?PR?TEST_IC7402_ALL?TEST_IC_V2_H
            CODE    79E1H     0039H     INBLOCK      ?PR?TEST_IC7403_ALL?TEST_IC_V2_H
            CODE    7A1AH     0039H     INBLOCK      ?PR?TEST_IC7408_ALL?TEST_IC_V2_H
            CODE    7A53H     0039H     INBLOCK      ?PR?TEST_IC7432_ALL?TEST_IC_V2_H
            CODE    7A8CH     0039H     INBLOCK      ?PR?TEST_IC7486_ALL?TEST_IC_V2_H
            CODE    7AC5H     0038H     INBLOCK      ?PR?PRINT_LCD?TEST_IC_V2_H
            CODE    7AFDH     0032H     INBLOCK      ?PR?TEST_IC7400_IC1_AUTO?TEST_IC_V2_H
            CODE    7B2FH     0032H     INBLOCK      ?PR?TEST_IC7400_IC2_AUTO?TEST_IC_V2_H
            CODE    7B61H     0032H     INBLOCK      ?PR?TEST_IC7401_IC1_AUTO?TEST_IC_V2_H
            CODE    7B93H     0032H     INBLOCK      ?PR?TEST_IC7401_IC2_AUTO?TEST_IC_V2_H
            CODE    7BC5H     0032H     INBLOCK      ?PR?TEST_IC7402_IC1_AUTO?TEST_IC_V2_H
            CODE    7BF7H     0032H     INBLOCK      ?PR?TEST_IC7402_IC2_AUTO?TEST_IC_V2_H
            CODE    7C29H     0032H     INBLOCK      ?PR?TEST_IC7403_IC1_AUTO?TEST_IC_V2_H
            CODE    7C5BH     0032H     INBLOCK      ?PR?TEST_IC7403_IC2_AUTO?TEST_IC_V2_H
            CODE    7C8DH     0032H     INBLOCK      ?PR?TEST_IC7408_IC1_AUTO?TEST_IC_V2_H
            CODE    7CBFH     0032H     INBLOCK      ?PR?TEST_IC7408_IC2_AUTO?TEST_IC_V2_H
            CODE    7CF1H     0032H     INBLOCK      ?PR?TEST_IC7432_IC1_AUTO?TEST_IC_V2_H
            CODE    7D23H     0032H     INBLOCK      ?PR?TEST_IC7432_IC2_AUTO?TEST_IC_V2_H
            CODE    7D55H     0032H     INBLOCK      ?PR?TEST_IC7486_IC1_AUTO?TEST_IC_V2_H
            CODE    7D87H     0032H     INBLOCK      ?PR?TEST_IC7486_IC2_AUTO?TEST_IC_V2_H
            CODE    7DB9H     0027H     UNIT         ?PR?PUTCHAR?PUTCHAR
            CODE    7DE0H     001CH     INBLOCK      ?PR?I2C_RDDATA?TEST_IC_V2_H
            CODE    7DFCH     001CH     INBLOCK      ?PR?SOUND_TEST_PASS?TEST_IC_V2_H
            CODE    7E18H     0018H     INBLOCK      ?PR?_WRITE_DATA_LCD?TEST_IC_V2_H
            CODE    7E30H     0014H     INBLOCK      ?PR?ENABLE_LCD?TEST_IC_V2_H
            CODE    7E44H     0012H     INBLOCK      ?PR?I2C_START?TEST_IC_V2_H
            CODE    7E56H     000BH     INBLOCK      ?PR?SOUND_TEST_FAIL?TEST_IC_V2_H
            CODE    7E61H     000BH     INBLOCK      ?PR?SOUND_TEST_STEP?TEST_IC_V2_H
            CODE    7E6CH     0005H     INBLOCK      ?PR?LCD_LINE3?TEST_IC_V2_H



OVERLAY MAP OF MODULE:   TEST_IC_V2_H (TEST_IC_V2_H)


SEGMENT                                             BIT_GROUP          DATA_GROUP          PDATA_GROUP
  +--> CALLED SEGMENT                            START    LENGTH     START    LENGTH     START    LENGTH
--------------------------------------------------------------------------------------------------------
?C_C51STARTUP                                    -----    -----      -----    -----      -----    -----
  +--> ?PR?MAIN?TEST_IC_V2_H
BL51 BANKED LINKER/LOCATER V6.11                                                      08/08/2010  05:42:42  PAGE 6


  +--> ?C_INITSEG

?PR?MAIN?TEST_IC_V2_H                            -----    -----      -----    -----      -----    -----
  +--> ?PR?MAIN_TEST?TEST_IC_V2_H

?PR?MAIN_TEST?TEST_IC_V2_H                       -----    -----      -----    -----      -----    -----
  +--> ?PR?_DELAY?TEST_IC_V2_H
  +--> ?PR?INTITIAL_LCD?TEST_IC_V2_H
  +--> ?PR?LCD_LINE1?TEST_IC_V2_H
  +--> ?CO?TEST_IC_V2_H
  +--> ?PR?PRINTF?PRINTF
  +--> ?PR?PRINT_LCD?TEST_IC_V2_H
  +--> ?PR?LCD_LINE2?TEST_IC_V2_H
  +--> ?PR?LCD_LINE3?TEST_IC_V2_H
  +--> ?PR?LCD_LINE4?TEST_IC_V2_H
  +--> ?PR?CLEAR_LCD?TEST_IC_V2_H
  +--> ?PR?INPUT_MODE?TEST_IC_V2_H
  +--> ?PR?TEST_AUTO?TEST_IC_V2_H
  +--> ?PR?TEST_MANUAL?TEST_IC_V2_H
  +--> ?PR?BACK_TO_MENU?TEST_IC_V2_H

?PR?_DELAY?TEST_IC_V2_H                          -----    -----      -----    -----      00C5H    0004H

?PR?INTITIAL_LCD?TEST_IC_V2_H                    -----    -----      -----    -----      -----    -----
  +--> ?PR?_DELAY_LCD?TEST_IC_V2_H
  +--> ?PR?_WRITE_CMD_LCD?TEST_IC_V2_H

?PR?_DELAY_LCD?TEST_IC_V2_H                      -----    -----      -----    -----      00C9H    0004H

?PR?_WRITE_CMD_LCD?TEST_IC_V2_H                  -----    -----      -----    -----      00C5H    0001H
  +--> ?PR?ENABLE_LCD?TEST_IC_V2_H
  +--> ?PR?_DELAY_LCD?TEST_IC_V2_H

?PR?ENABLE_LCD?TEST_IC_V2_H                      -----    -----      -----    -----      -----    -----
  +--> ?PR?_DELAY_LCD?TEST_IC_V2_H

?PR?LCD_LINE1?TEST_IC_V2_H                       -----    -----      -----    -----      -----    -----
  +--> ?PR?_WRITE_CMD_LCD?TEST_IC_V2_H

?PR?PRINTF?PRINTF                                0020H.0  0001H.1    0008H    0005H      00C5H    000FH
  +--> ?PR?PUTCHAR?PUTCHAR

?PR?PRINT_LCD?TEST_IC_V2_H                       -----    -----      -----    -----      00C5H    0003H
  +--> ?PR?_WRITE_DATA_LCD?TEST_IC_V2_H

?PR?_WRITE_DATA_LCD?TEST_IC_V2_H                 -----    -----      -----    -----      00C8H    0001H
  +--> ?PR?ENABLE_LCD?TEST_IC_V2_H
  +--> ?PR?_DELAY_LCD?TEST_IC_V2_H

?PR?LCD_LINE2?TEST_IC_V2_H                       -----    -----      -----    -----      -----    -----
  +--> ?PR?_WRITE_CMD_LCD?TEST_IC_V2_H

?PR?LCD_LINE3?TEST_IC_V2_H                       -----    -----      -----    -----      -----    -----
  +--> ?PR?_WRITE_CMD_LCD?TEST_IC_V2_H

?PR?LCD_LINE4?TEST_IC_V2_H                       -----    -----      -----    -----      -----    -----
  +--> ?PR?_WRITE_CMD_LCD?TEST_IC_V2_H
BL51 BANKED LINKER/LOCATER V6.11                                                      08/08/2010  05:42:42  PAGE 7



?PR?CLEAR_LCD?TEST_IC_V2_H                       -----    -----      -----    -----      -----    -----
  +--> ?PR?_WRITE_CMD_LCD?TEST_IC_V2_H

?PR?INPUT_MODE?TEST_IC_V2_H                      -----    -----      -----    -----      -----    -----
  +--> ?PR?SCANKEY?TEST_IC_V2_H
  +--> ?PR?SOUND_TEST_STEP?TEST_IC_V2_H
  +--> ?PR?_WRITE_CMD_LCD?TEST_IC_V2_H
  +--> ?CO?TEST_IC_V2_H
  +--> ?PR?PRINTF?PRINTF
  +--> ?PR?PRINT_LCD?TEST_IC_V2_H
  +--> ?PR?_DELAY?TEST_IC_V2_H

?PR?SCANKEY?TEST_IC_V2_H                         -----    -----      -----    -----      00C5H    0002H
  +--> ?PR?_I2C_WRDATA?TEST_IC_V2_H
  +--> ?PR?I2C_STOP?TEST_IC_V2_H
  +--> ?PR?_DELAY_KEYPAD?TEST_IC_V2_H
  +--> ?PR?I2C_START?TEST_IC_V2_H
  +--> ?PR?I2C_RDDATA?TEST_IC_V2_H

?PR?_I2C_WRDATA?TEST_IC_V2_H                     0020H.0  0000H.1    -----    -----      -----    -----
  +--> ?PR?I2C_START?TEST_IC_V2_H
  +--> ?PR?I2C_CLK?TEST_IC_V2_H
  +--> ?PR?I2C_DELAY?TEST_IC_V2_H

?PR?I2C_START?TEST_IC_V2_H                       -----    -----      -----    -----      -----    -----
  +--> ?PR?I2C_DELAY?TEST_IC_V2_H

?PR?I2C_CLK?TEST_IC_V2_H                         -----    -----      -----    -----      -----    -----
  +--> ?PR?I2C_DELAY?TEST_IC_V2_H

?PR?I2C_STOP?TEST_IC_V2_H                        -----    -----      -----    -----      -----    -----
  +--> ?PR?I2C_DELAY?TEST_IC_V2_H

?PR?_DELAY_KEYPAD?TEST_IC_V2_H                   -----    -----      -----    -----      00C7H    0004H

?PR?I2C_RDDATA?TEST_IC_V2_H                      0020H.0  0000H.1    -----    -----      -----    -----
  +--> ?PR?I2C_CLK?TEST_IC_V2_H

?PR?SOUND_TEST_STEP?TEST_IC_V2_H                 -----    -----      -----    -----      -----    -----
  +--> ?PR?_SOUND_FREQ?TEST_IC_V2_H

?PR?_SOUND_FREQ?TEST_IC_V2_H                     -----    -----      -----    -----      00C5H    0006H
  +--> ?PR?_DELAY_SOUND_MS?TEST_IC_V2_H

?PR?TEST_AUTO?TEST_IC_V2_H                       -----    -----      -----    -----      -----    -----
  +--> ?PR?CLEAR_LCD?TEST_IC_V2_H
  +--> ?PR?LCD_LINE1?TEST_IC_V2_H
  +--> ?CO?TEST_IC_V2_H
  +--> ?PR?PRINTF?PRINTF
  +--> ?PR?PRINT_LCD?TEST_IC_V2_H
  +--> ?PR?LCD_LINE2?TEST_IC_V2_H
  +--> ?PR?LCD_LINE3?TEST_IC_V2_H
  +--> ?PR?LCD_LINE4?TEST_IC_V2_H
  +--> ?PR?INPUT_NUMBER_IC?TEST_IC_V2_H
  +--> ?PR?_DELAY?TEST_IC_V2_H
  +--> ?PR?TEST_IC7400_ALL_AUTO?TEST_IC_V2_H
BL51 BANKED LINKER/LOCATER V6.11                                                      08/08/2010  05:42:42  PAGE 8


  +--> ?PR?TEST_IC7401_ALL_AUTO?TEST_IC_V2_H
  +--> ?PR?TEST_IC7402_ALL_AUTO?TEST_IC_V2_H
  +--> ?PR?TEST_IC7403_ALL_AUTO?TEST_IC_V2_H
  +--> ?PR?TEST_IC7404_ALL_AUTO?TEST_IC_V2_H
  +--> ?PR?TEST_IC7408_ALL_AUTO?TEST_IC_V2_H
  +--> ?PR?TEST_IC7432_ALL_AUTO?TEST_IC_V2_H
  +--> ?PR?TEST_IC7486_ALL_AUTO?TEST_IC_V2_H
  +--> ?PR?BACK_TO_MENU?TEST_IC_V2_H

?PR?INPUT_NUMBER_IC?TEST_IC_V2_H                 -----    -----      -----    -----      -----    -----
  +--> ?PR?SCANKEY?TEST_IC_V2_H
  +--> ?PR?SOUND_TEST_STEP?TEST_IC_V2_H
  +--> ?PR?_WRITE_CMD_LCD?TEST_IC_V2_H
  +--> ?CO?TEST_IC_V2_H
  +--> ?PR?PRINTF?PRINTF
  +--> ?PR?PRINT_LCD?TEST_IC_V2_H

?PR?TEST_IC7400_ALL_AUTO?TEST_IC_V2_H            -----    -----      -----    -----      -----    -----
  +--> ?PR?TEST_IC7400_IC1_AUTO?TEST_IC_V2_H
  +--> ?PR?TEST_IC7400_IC2_AUTO?TEST_IC_V2_H
  +--> ?PR?CLEAR_LCD?TEST_IC_V2_H
  +--> ?PR?LCD_LINE1?TEST_IC_V2_H
  +--> ?CO?TEST_IC_V2_H
  +--> ?PR?PRINTF?PRINTF
  +--> ?PR?PRINT_LCD?TEST_IC_V2_H
  +--> ?PR?LCD_LINE2?TEST_IC_V2_H
  +--> ?PR?LCD_LINE3?TEST_IC_V2_H
  +--> ?PR?LCD_LINE4?TEST_IC_V2_H
  +--> ?PR?_WRITE_CMD_LCD?TEST_IC_V2_H
  +--> ?PR?SOUND_TEST_PASS?TEST_IC_V2_H
  +--> ?PR?SOUND_TEST_FAIL?TEST_IC_V2_H
  +--> ?PR?_DELAY_TEST_7400?TEST_IC_V2_H

?PR?TEST_IC7400_IC1_AUTO?TEST_IC_V2_H            -----    -----      -----    -----      -----    -----
  +--> ?PR?TEST_7400_IC1_CONDITION_00_AUTO?T...
  +--> ?PR?TEST_7400_IC1_CONDITION_01_AUTO?T...
  +--> ?PR?TEST_7400_IC1_CONDITION_10_AUTO?T...
  +--> ?PR?TEST_7400_IC1_CONDITION_11_AUTO?T...

?PR?TEST_IC7400_IC2_AUTO?TEST_IC_V2_H            -----    -----      -----    -----      -----    -----
  +--> ?PR?TEST_7400_IC2_CONDITION_00_AUTO?T...
  +--> ?PR?TEST_7400_IC2_CONDITION_01_AUTO?T...
  +--> ?PR?TEST_7400_IC2_CONDITION_10_AUTO?T...
  +--> ?PR?TEST_7400_IC2_CONDITION_11_AUTO?T...

?PR?SOUND_TEST_PASS?TEST_IC_V2_H                 -----    -----      -----    -----      -----    -----
  +--> ?PR?_SOUND_FREQ?TEST_IC_V2_H
  +--> ?PR?_DELAY_SOUND?TEST_IC_V2_H

?PR?_DELAY_SOUND?TEST_IC_V2_H                    -----    -----      -----    -----      00C5H    0004H

?PR?SOUND_TEST_FAIL?TEST_IC_V2_H                 -----    -----      -----    -----      -----    -----
  +--> ?PR?_SOUND_FREQ?TEST_IC_V2_H

?PR?_DELAY_TEST_7400?TEST_IC_V2_H                -----    -----      -----    -----      00C5H    0004H

?PR?TEST_IC7401_ALL_AUTO?TEST_IC_V2_H            -----    -----      -----    -----      -----    -----
BL51 BANKED LINKER/LOCATER V6.11                                                      08/08/2010  05:42:42  PAGE 9


  +--> ?PR?TEST_IC7401_IC1_AUTO?TEST_IC_V2_H
  +--> ?PR?TEST_IC7401_IC2_AUTO?TEST_IC_V2_H
  +--> ?PR?CLEAR_LCD?TEST_IC_V2_H
  +--> ?PR?LCD_LINE1?TEST_IC_V2_H
  +--> ?CO?TEST_IC_V2_H
  +--> ?PR?PRINTF?PRINTF
  +--> ?PR?PRINT_LCD?TEST_IC_V2_H
  +--> ?PR?LCD_LINE2?TEST_IC_V2_H
  +--> ?PR?LCD_LINE3?TEST_IC_V2_H
  +--> ?PR?LCD_LINE4?TEST_IC_V2_H
  +--> ?PR?_WRITE_CMD_LCD?TEST_IC_V2_H
  +--> ?PR?SOUND_TEST_PASS?TEST_IC_V2_H
  +--> ?PR?SOUND_TEST_FAIL?TEST_IC_V2_H
  +--> ?PR?_DELAY_TEST_7401?TEST_IC_V2_H

?PR?TEST_IC7401_IC1_AUTO?TEST_IC_V2_H            -----    -----      -----    -----      -----    -----
  +--> ?PR?TEST_7401_IC1_CONDITION_00_AUTO?T...
  +--> ?PR?TEST_7401_IC1_CONDITION_01_AUTO?T...
  +--> ?PR?TEST_7401_IC1_CONDITION_10_AUTO?T...
  +--> ?PR?TEST_7401_IC1_CONDITION_11_AUTO?T...

?PR?TEST_IC7401_IC2_AUTO?TEST_IC_V2_H            -----    -----      -----    -----      -----    -----
  +--> ?PR?TEST_7401_IC2_CONDITION_00_AUTO?T...
  +--> ?PR?TEST_7401_IC2_CONDITION_01_AUTO?T...
  +--> ?PR?TEST_7401_IC2_CONDITION_10_AUTO?T...
  +--> ?PR?TEST_7401_IC2_CONDITION_11_AUTO?T...

?PR?_DELAY_TEST_7401?TEST_IC_V2_H                -----    -----      -----    -----      00C5H    0004H

?PR?TEST_IC7402_ALL_AUTO?TEST_IC_V2_H            -----    -----      -----    -----      -----    -----
  +--> ?PR?TEST_IC7402_IC1_AUTO?TEST_IC_V2_H
  +--> ?PR?TEST_IC7402_IC2_AUTO?TEST_IC_V2_H
  +--> ?PR?CLEAR_LCD?TEST_IC_V2_H
  +--> ?PR?LCD_LINE1?TEST_IC_V2_H
  +--> ?CO?TEST_IC_V2_H
  +--> ?PR?PRINTF?PRINTF
  +--> ?PR?PRINT_LCD?TEST_IC_V2_H
  +--> ?PR?LCD_LINE2?TEST_IC_V2_H
  +--> ?PR?LCD_LINE3?TEST_IC_V2_H
  +--> ?PR?LCD_LINE4?TEST_IC_V2_H
  +--> ?PR?_WRITE_CMD_LCD?TEST_IC_V2_H
  +--> ?PR?SOUND_TEST_PASS?TEST_IC_V2_H
  +--> ?PR?SOUND_TEST_FAIL?TEST_IC_V2_H
  +--> ?PR?_DELAY_TEST_7402?TEST_IC_V2_H

?PR?TEST_IC7402_IC1_AUTO?TEST_IC_V2_H            -----    -----      -----    -----      -----    -----
  +--> ?PR?TEST_7402_IC1_CONDITION_00_AUTO?T...
  +--> ?PR?TEST_7402_IC1_CONDITION_01_AUTO?T...
  +--> ?PR?TEST_7402_IC1_CONDITION_10_AUTO?T...
  +--> ?PR?TEST_7402_IC1_CONDITION_11_AUTO?T...

?PR?TEST_IC7402_IC2_AUTO?TEST_IC_V2_H            -----    -----      -----    -----      -----    -----
  +--> ?PR?TEST_7402_IC2_CONDITION_00_AUTO?T...
  +--> ?PR?TEST_7402_IC2_CONDITION_01_AUTO?T...
  +--> ?PR?TEST_7402_IC2_CONDITION_10_AUTO?T...
  +--> ?PR?TEST_7402_IC2_CONDITION_11_AUTO?T...

BL51 BANKED LINKER/LOCATER V6.11                                                      08/08/2010  05:42:42  PAGE 10


?PR?_DELAY_TEST_7402?TEST_IC_V2_H                -----    -----      -----    -----      00C5H    0004H

?PR?TEST_IC7403_ALL_AUTO?TEST_IC_V2_H            -----    -----      -----    -----      -----    -----
  +--> ?PR?TEST_IC7403_IC1_AUTO?TEST_IC_V2_H
  +--> ?PR?TEST_IC7403_IC2_AUTO?TEST_IC_V2_H
  +--> ?PR?CLEAR_LCD?TEST_IC_V2_H
  +--> ?PR?LCD_LINE1?TEST_IC_V2_H
  +--> ?CO?TEST_IC_V2_H
  +--> ?PR?PRINTF?PRINTF
  +--> ?PR?PRINT_LCD?TEST_IC_V2_H
  +--> ?PR?LCD_LINE2?TEST_IC_V2_H
  +--> ?PR?LCD_LINE3?TEST_IC_V2_H
  +--> ?PR?LCD_LINE4?TEST_IC_V2_H
  +--> ?PR?_WRITE_CMD_LCD?TEST_IC_V2_H
  +--> ?PR?SOUND_TEST_PASS?TEST_IC_V2_H
  +--> ?PR?SOUND_TEST_FAIL?TEST_IC_V2_H
  +--> ?PR?_DELAY_TEST_7403?TEST_IC_V2_H

?PR?TEST_IC7403_IC1_AUTO?TEST_IC_V2_H            -----    -----      -----    -----      -----    -----
  +--> ?PR?TEST_7403_IC1_CONDITION_00_AUTO?T...
  +--> ?PR?TEST_7403_IC1_CONDITION_01_AUTO?T...
  +--> ?PR?TEST_7403_IC1_CONDITION_10_AUTO?T...
  +--> ?PR?TEST_7403_IC1_CONDITION_11_AUTO?T...

?PR?TEST_IC7403_IC2_AUTO?TEST_IC_V2_H            -----    -----      -----    -----      -----    -----
  +--> ?PR?TEST_7403_IC2_CONDITION_00_AUTO?T...
  +--> ?PR?TEST_7403_IC2_CONDITION_01_AUTO?T...
  +--> ?PR?TEST_7403_IC2_CONDITION_10_AUTO?T...
  +--> ?PR?TEST_7403_IC2_CONDITION_11_AUTO?T...

?PR?_DELAY_TEST_7403?TEST_IC_V2_H                -----    -----      -----    -----      00C5H    0004H

?PR?TEST_IC7404_ALL_AUTO?TEST_IC_V2_H            -----    -----      -----    -----      -----    -----
  +--> ?PR?TEST_IC7404_IC1_AUTO?TEST_IC_V2_H
  +--> ?PR?TEST_IC7404_IC2_AUTO?TEST_IC_V2_H
  +--> ?PR?CLEAR_LCD?TEST_IC_V2_H
  +--> ?PR?LCD_LINE1?TEST_IC_V2_H
  +--> ?CO?TEST_IC_V2_H
  +--> ?PR?PRINTF?PRINTF
  +--> ?PR?PRINT_LCD?TEST_IC_V2_H
  +--> ?PR?LCD_LINE2?TEST_IC_V2_H
  +--> ?PR?LCD_LINE3?TEST_IC_V2_H
  +--> ?PR?LCD_LINE4?TEST_IC_V2_H
  +--> ?PR?_WRITE_CMD_LCD?TEST_IC_V2_H
  +--> ?PR?SOUND_TEST_PASS?TEST_IC_V2_H
  +--> ?PR?SOUND_TEST_FAIL?TEST_IC_V2_H
  +--> ?PR?_DELAY_TEST_7404?TEST_IC_V2_H

?PR?TEST_IC7404_IC1_AUTO?TEST_IC_V2_H            -----    -----      -----    -----      -----    -----
  +--> ?PR?TEST_7404_IC1_CONDITION_0_AUTO?TE...
  +--> ?PR?TEST_7404_IC1_CONDITION_1_AUTO?TE...

?PR?TEST_IC7404_IC2_AUTO?TEST_IC_V2_H            -----    -----      -----    -----      -----    -----
  +--> ?PR?TEST_7404_IC2_CONDITION_0_AUTO?TE...
  +--> ?PR?TEST_7404_IC2_CONDITION_1_AUTO?TE...

?PR?_DELAY_TEST_7404?TEST_IC_V2_H                -----    -----      -----    -----      00C5H    0004H
BL51 BANKED LINKER/LOCATER V6.11                                                      08/08/2010  05:42:42  PAGE 11



?PR?TEST_IC7408_ALL_AUTO?TEST_IC_V2_H            -----    -----      -----    -----      -----    -----
  +--> ?PR?TEST_IC7408_IC1_AUTO?TEST_IC_V2_H
  +--> ?PR?TEST_IC7408_IC2_AUTO?TEST_IC_V2_H
  +--> ?PR?CLEAR_LCD?TEST_IC_V2_H
  +--> ?PR?LCD_LINE1?TEST_IC_V2_H
  +--> ?CO?TEST_IC_V2_H
  +--> ?PR?PRINTF?PRINTF
  +--> ?PR?PRINT_LCD?TEST_IC_V2_H
  +--> ?PR?LCD_LINE2?TEST_IC_V2_H
  +--> ?PR?LCD_LINE3?TEST_IC_V2_H
  +--> ?PR?LCD_LINE4?TEST_IC_V2_H
  +--> ?PR?_WRITE_CMD_LCD?TEST_IC_V2_H
  +--> ?PR?SOUND_TEST_PASS?TEST_IC_V2_H
  +--> ?PR?SOUND_TEST_FAIL?TEST_IC_V2_H
  +--> ?PR?_DELAY_TEST_7408?TEST_IC_V2_H

?PR?TEST_IC7408_IC1_AUTO?TEST_IC_V2_H            -----    -----      -----    -----      -----    -----
  +--> ?PR?TEST_7408_IC1_CONDITION_00_AUTO?T...
  +--> ?PR?TEST_7408_IC1_CONDITION_01_AUTO?T...
  +--> ?PR?TEST_7408_IC1_CONDITION_10_AUTO?T...
  +--> ?PR?TEST_7408_IC1_CONDITION_11_AUTO?T...

?PR?TEST_IC7408_IC2_AUTO?TEST_IC_V2_H            -----    -----      -----    -----      -----    -----
  +--> ?PR?TEST_7408_IC2_CONDITION_00_AUTO?T...
  +--> ?PR?TEST_7408_IC2_CONDITION_01_AUTO?T...
  +--> ?PR?TEST_7408_IC2_CONDITION_10_AUTO?T...
  +--> ?PR?TEST_7408_IC2_CONDITION_11_AUTO?T...

?PR?_DELAY_TEST_7408?TEST_IC_V2_H                -----    -----      -----    -----      00C5H    0004H

?PR?TEST_IC7432_ALL_AUTO?TEST_IC_V2_H            -----    -----      -----    -----      -----    -----
  +--> ?PR?TEST_IC7432_IC1_AUTO?TEST_IC_V2_H
  +--> ?PR?TEST_IC7432_IC2_AUTO?TEST_IC_V2_H
  +--> ?PR?CLEAR_LCD?TEST_IC_V2_H
  +--> ?PR?LCD_LINE1?TEST_IC_V2_H
  +--> ?CO?TEST_IC_V2_H
  +--> ?PR?PRINTF?PRINTF
  +--> ?PR?PRINT_LCD?TEST_IC_V2_H
  +--> ?PR?LCD_LINE2?TEST_IC_V2_H
  +--> ?PR?LCD_LINE3?TEST_IC_V2_H
  +--> ?PR?LCD_LINE4?TEST_IC_V2_H
  +--> ?PR?_WRITE_CMD_LCD?TEST_IC_V2_H
  +--> ?PR?SOUND_TEST_PASS?TEST_IC_V2_H
  +--> ?PR?SOUND_TEST_FAIL?TEST_IC_V2_H
  +--> ?PR?_DELAY_TEST_7432?TEST_IC_V2_H

?PR?TEST_IC7432_IC1_AUTO?TEST_IC_V2_H            -----    -----      -----    -----      -----    -----
  +--> ?PR?TEST_7432_IC1_CONDITION_00_AUTO?T...
  +--> ?PR?TEST_7432_IC1_CONDITION_01_AUTO?T...
  +--> ?PR?TEST_7432_IC1_CONDITION_10_AUTO?T...
  +--> ?PR?TEST_7432_IC1_CONDITION_11_AUTO?T...

?PR?TEST_IC7432_IC2_AUTO?TEST_IC_V2_H            -----    -----      -----    -----      -----    -----
  +--> ?PR?TEST_7432_IC2_CONDITION_00_AUTO?T...
  +--> ?PR?TEST_7432_IC2_CONDITION_01_AUTO?T...
  +--> ?PR?TEST_7432_IC2_CONDITION_10_AUTO?T...
BL51 BANKED LINKER/LOCATER V6.11                                                      08/08/2010  05:42:42  PAGE 12


  +--> ?PR?TEST_7432_IC2_CONDITION_11_AUTO?T...

?PR?_DELAY_TEST_7432?TEST_IC_V2_H                -----    -----      -----    -----      00C5H    0004H

?PR?TEST_IC7486_ALL_AUTO?TEST_IC_V2_H            -----    -----      -----    -----      -----    -----
  +--> ?PR?TEST_IC7486_IC1_AUTO?TEST_IC_V2_H
  +--> ?PR?TEST_IC7486_IC2_AUTO?TEST_IC_V2_H
  +--> ?PR?CLEAR_LCD?TEST_IC_V2_H
  +--> ?PR?LCD_LINE1?TEST_IC_V2_H
  +--> ?CO?TEST_IC_V2_H
  +--> ?PR?PRINTF?PRINTF
  +--> ?PR?PRINT_LCD?TEST_IC_V2_H
  +--> ?PR?LCD_LINE2?TEST_IC_V2_H
  +--> ?PR?LCD_LINE3?TEST_IC_V2_H
  +--> ?PR?LCD_LINE4?TEST_IC_V2_H
  +--> ?PR?_WRITE_CMD_LCD?TEST_IC_V2_H
  +--> ?PR?SOUND_TEST_PASS?TEST_IC_V2_H
  +--> ?PR?SOUND_TEST_FAIL?TEST_IC_V2_H
  +--> ?PR?_DELAY_TEST_7486?TEST_IC_V2_H

?PR?TEST_IC7486_IC1_AUTO?TEST_IC_V2_H            -----    -----      -----    -----      -----    -----
  +--> ?PR?TEST_7486_IC1_CONDITION_00_AUTO?T...
  +--> ?PR?TEST_7486_IC1_CONDITION_01_AUTO?T...
  +--> ?PR?TEST_7486_IC1_CONDITION_10_AUTO?T...
  +--> ?PR?TEST_7486_IC1_CONDITION_11_AUTO?T...

?PR?TEST_IC7486_IC2_AUTO?TEST_IC_V2_H            -----    -----      -----    -----      -----    -----
  +--> ?PR?TEST_7486_IC2_CONDITION_00_AUTO?T...
  +--> ?PR?TEST_7486_IC2_CONDITION_01_AUTO?T...
  +--> ?PR?TEST_7486_IC2_CONDITION_10_AUTO?T...
  +--> ?PR?TEST_7486_IC2_CONDITION_11_AUTO?T...

?PR?_DELAY_TEST_7486?TEST_IC_V2_H                -----    -----      -----    -----      00C5H    0004H

?PR?BACK_TO_MENU?TEST_IC_V2_H                    -----    -----      -----    -----      -----    -----
  +--> ?PR?SCANKEY?TEST_IC_V2_H
  +--> ?PR?SOUND_TEST_STEP?TEST_IC_V2_H

?PR?TEST_MANUAL?TEST_IC_V2_H                     -----    -----      -----    -----      -----    -----
  +--> ?PR?CLEAR_LCD?TEST_IC_V2_H
  +--> ?PR?LCD_LINE1?TEST_IC_V2_H
  +--> ?CO?TEST_IC_V2_H
  +--> ?PR?PRINTF?PRINTF
  +--> ?PR?PRINT_LCD?TEST_IC_V2_H
  +--> ?PR?LCD_LINE2?TEST_IC_V2_H
  +--> ?PR?LCD_LINE3?TEST_IC_V2_H
  +--> ?PR?LCD_LINE4?TEST_IC_V2_H
  +--> ?PR?INPUT_NUMBER_IC?TEST_IC_V2_H
  +--> ?PR?_DELAY?TEST_IC_V2_H
  +--> ?PR?TEST_IC7400_ALL?TEST_IC_V2_H
  +--> ?PR?TEST_IC7401_ALL?TEST_IC_V2_H
  +--> ?PR?TEST_IC7402_ALL?TEST_IC_V2_H
  +--> ?PR?TEST_IC7403_ALL?TEST_IC_V2_H
  +--> ?PR?TEST_IC7404_ALL?TEST_IC_V2_H
  +--> ?PR?TEST_IC7408_ALL?TEST_IC_V2_H
  +--> ?PR?TEST_IC7432_ALL?TEST_IC_V2_H
  +--> ?PR?TEST_IC7486_ALL?TEST_IC_V2_H
BL51 BANKED LINKER/LOCATER V6.11                                                      08/08/2010  05:42:42  PAGE 13


  +--> ?PR?PRINT_LCD_BACK_TO_MENU?TEST_IC_V2_H
  +--> ?PR?BACK_TO_MENU?TEST_IC_V2_H

?PR?TEST_IC7400_ALL?TEST_IC_V2_H                 -----    -----      -----    -----      -----    -----
  +--> ?PR?TEST_IC7400_IC1?TEST_IC_V2_H
  +--> ?PR?TEST_IC7400_IC2?TEST_IC_V2_H

?PR?TEST_IC7400_IC1?TEST_IC_V2_H                 -----    -----      -----    -----      -----    -----
  +--> ?PR?CLEAR_LCD?TEST_IC_V2_H
  +--> ?PR?LCD_LINE1?TEST_IC_V2_H
  +--> ?CO?TEST_IC_V2_H
  +--> ?PR?PRINTF?PRINTF
  +--> ?PR?PRINT_LCD?TEST_IC_V2_H
  +--> ?PR?LCD_LINE2?TEST_IC_V2_H
  +--> ?PR?LCD_LINE3?TEST_IC_V2_H
  +--> ?PR?_DELAY_TEST_7400?TEST_IC_V2_H
  +--> ?PR?_WRITE_CMD_LCD?TEST_IC_V2_H
  +--> ?PR?SOUND_TEST_STEP?TEST_IC_V2_H
  +--> ?PR?TEST_7400_IC1_CONDITION_00?TEST_I...
  +--> ?PR?TEST_7400_IC1_CONDITION_01?TEST_I...
  +--> ?PR?TEST_7400_IC1_CONDITION_10?TEST_I...
  +--> ?PR?TEST_7400_IC1_CONDITION_11?TEST_I...
  +--> ?PR?LCD_LINE4?TEST_IC_V2_H
  +--> ?PR?SOUND_TEST_PASS?TEST_IC_V2_H
  +--> ?PR?SOUND_TEST_FAIL?TEST_IC_V2_H

?PR?TEST_7400_IC1_CONDITION_00?TEST_I...         -----    -----      -----    -----      -----    -----
  +--> ?PR?_WRITE_CMD_LCD?TEST_IC_V2_H
  +--> ?PR?_WRITE_DATA_LCD?TEST_IC_V2_H

?PR?TEST_7400_IC1_CONDITION_01?TEST_I...         -----    -----      -----    -----      -----    -----
  +--> ?PR?_WRITE_CMD_LCD?TEST_IC_V2_H
  +--> ?PR?_WRITE_DATA_LCD?TEST_IC_V2_H

?PR?TEST_7400_IC1_CONDITION_10?TEST_I...         -----    -----      -----    -----      -----    -----
  +--> ?PR?_WRITE_CMD_LCD?TEST_IC_V2_H
  +--> ?PR?_WRITE_DATA_LCD?TEST_IC_V2_H

?PR?TEST_7400_IC1_CONDITION_11?TEST_I...         -----    -----      -----    -----      -----    -----
  +--> ?PR?_WRITE_CMD_LCD?TEST_IC_V2_H
  +--> ?PR?_WRITE_DATA_LCD?TEST_IC_V2_H

?PR?TEST_IC7400_IC2?TEST_IC_V2_H                 -----    -----      -----    -----      -----    -----
  +--> ?PR?CLEAR_LCD?TEST_IC_V2_H
  +--> ?PR?LCD_LINE1?TEST_IC_V2_H
  +--> ?CO?TEST_IC_V2_H
  +--> ?PR?PRINTF?PRINTF
  +--> ?PR?PRINT_LCD?TEST_IC_V2_H
  +--> ?PR?LCD_LINE2?TEST_IC_V2_H
  +--> ?PR?LCD_LINE3?TEST_IC_V2_H
  +--> ?PR?_DELAY_TEST_7400?TEST_IC_V2_H
  +--> ?PR?_WRITE_CMD_LCD?TEST_IC_V2_H
  +--> ?PR?SOUND_TEST_STEP?TEST_IC_V2_H
  +--> ?PR?TEST_7400_IC2_CONDITION_00?TEST_I...
  +--> ?PR?TEST_7400_IC2_CONDITION_01?TEST_I...
  +--> ?PR?TEST_7400_IC2_CONDITION_10?TEST_I...
  +--> ?PR?TEST_7400_IC2_CONDITION_11?TEST_I...
BL51 BANKED LINKER/LOCATER V6.11                                                      08/08/2010  05:42:42  PAGE 14


  +--> ?PR?LCD_LINE4?TEST_IC_V2_H
  +--> ?PR?SOUND_TEST_PASS?TEST_IC_V2_H
  +--> ?PR?SOUND_TEST_FAIL?TEST_IC_V2_H

?PR?TEST_7400_IC2_CONDITION_00?TEST_I...         -----    -----      -----    -----      -----    -----
  +--> ?PR?_WRITE_CMD_LCD?TEST_IC_V2_H
  +--> ?PR?_WRITE_DATA_LCD?TEST_IC_V2_H

?PR?TEST_7400_IC2_CONDITION_01?TEST_I...         -----    -----      -----    -----      -----    -----
  +--> ?PR?_WRITE_CMD_LCD?TEST_IC_V2_H
  +--> ?PR?_WRITE_DATA_LCD?TEST_IC_V2_H

?PR?TEST_7400_IC2_CONDITION_10?TEST_I...         -----    -----      -----    -----      -----    -----
  +--> ?PR?_WRITE_CMD_LCD?TEST_IC_V2_H
  +--> ?PR?_WRITE_DATA_LCD?TEST_IC_V2_H

?PR?TEST_7400_IC2_CONDITION_11?TEST_I...         -----    -----      -----    -----      -----    -----
  +--> ?PR?_WRITE_CMD_LCD?TEST_IC_V2_H
  +--> ?PR?_WRITE_DATA_LCD?TEST_IC_V2_H

?PR?TEST_IC7401_ALL?TEST_IC_V2_H                 -----    -----      -----    -----      -----    -----
  +--> ?PR?TEST_IC7401_IC1?TEST_IC_V2_H
  +--> ?PR?TEST_IC7401_IC2?TEST_IC_V2_H

?PR?TEST_IC7401_IC1?TEST_IC_V2_H                 -----    -----      -----    -----      -----    -----
  +--> ?PR?CLEAR_LCD?TEST_IC_V2_H
  +--> ?PR?LCD_LINE1?TEST_IC_V2_H
  +--> ?CO?TEST_IC_V2_H
  +--> ?PR?PRINTF?PRINTF
  +--> ?PR?PRINT_LCD?TEST_IC_V2_H
  +--> ?PR?LCD_LINE2?TEST_IC_V2_H
  +--> ?PR?LCD_LINE3?TEST_IC_V2_H
  +--> ?PR?_DELAY_TEST_7401?TEST_IC_V2_H
  +--> ?PR?_WRITE_CMD_LCD?TEST_IC_V2_H
  +--> ?PR?SOUND_TEST_STEP?TEST_IC_V2_H
  +--> ?PR?TEST_7401_IC1_CONDITION_00?TEST_I...
  +--> ?PR?TEST_7401_IC1_CONDITION_01?TEST_I...
  +--> ?PR?TEST_7401_IC1_CONDITION_10?TEST_I...
  +--> ?PR?TEST_7401_IC1_CONDITION_11?TEST_I...
  +--> ?PR?LCD_LINE4?TEST_IC_V2_H
  +--> ?PR?SOUND_TEST_PASS?TEST_IC_V2_H
  +--> ?PR?SOUND_TEST_FAIL?TEST_IC_V2_H

?PR?TEST_7401_IC1_CONDITION_00?TEST_I...         -----    -----      -----    -----      -----    -----
  +--> ?PR?_WRITE_CMD_LCD?TEST_IC_V2_H
  +--> ?PR?_WRITE_DATA_LCD?TEST_IC_V2_H

?PR?TEST_7401_IC1_CONDITION_01?TEST_I...         -----    -----      -----    -----      -----    -----
  +--> ?PR?_WRITE_CMD_LCD?TEST_IC_V2_H
  +--> ?PR?_WRITE_DATA_LCD?TEST_IC_V2_H

?PR?TEST_7401_IC1_CONDITION_10?TEST_I...         -----    -----      -----    -----      -----    -----
  +--> ?PR?_WRITE_CMD_LCD?TEST_IC_V2_H
  +--> ?PR?_WRITE_DATA_LCD?TEST_IC_V2_H

?PR?TEST_7401_IC1_CONDITION_11?TEST_I...         -----    -----      -----    -----      -----    -----
  +--> ?PR?_WRITE_CMD_LCD?TEST_IC_V2_H
BL51 BANKED LINKER/LOCATER V6.11                                                      08/08/2010  05:42:42  PAGE 15


  +--> ?PR?_WRITE_DATA_LCD?TEST_IC_V2_H

?PR?TEST_IC7401_IC2?TEST_IC_V2_H                 -----    -----      -----    -----      -----    -----
  +--> ?PR?CLEAR_LCD?TEST_IC_V2_H
  +--> ?PR?LCD_LINE1?TEST_IC_V2_H
  +--> ?CO?TEST_IC_V2_H
  +--> ?PR?PRINTF?PRINTF
  +--> ?PR?PRINT_LCD?TEST_IC_V2_H
  +--> ?PR?LCD_LINE2?TEST_IC_V2_H
  +--> ?PR?LCD_LINE3?TEST_IC_V2_H
  +--> ?PR?_DELAY_TEST_7401?TEST_IC_V2_H
  +--> ?PR?_WRITE_CMD_LCD?TEST_IC_V2_H
  +--> ?PR?SOUND_TEST_STEP?TEST_IC_V2_H
  +--> ?PR?TEST_7401_IC2_CONDITION_00?TEST_I...
  +--> ?PR?TEST_7401_IC2_CONDITION_01?TEST_I...
  +--> ?PR?TEST_7401_IC2_CONDITION_10?TEST_I...
  +--> ?PR?TEST_7401_IC2_CONDITION_11?TEST_I...
  +--> ?PR?LCD_LINE4?TEST_IC_V2_H
  +--> ?PR?SOUND_TEST_PASS?TEST_IC_V2_H
  +--> ?PR?SOUND_TEST_FAIL?TEST_IC_V2_H

?PR?TEST_7401_IC2_CONDITION_00?TEST_I...         -----    -----      -----    -----      -----    -----
  +--> ?PR?_WRITE_CMD_LCD?TEST_IC_V2_H
  +--> ?PR?_WRITE_DATA_LCD?TEST_IC_V2_H

?PR?TEST_7401_IC2_CONDITION_01?TEST_I...         -----    -----      -----    -----      -----    -----
  +--> ?PR?_WRITE_CMD_LCD?TEST_IC_V2_H
  +--> ?PR?_WRITE_DATA_LCD?TEST_IC_V2_H

?PR?TEST_7401_IC2_CONDITION_10?TEST_I...         -----    -----      -----    -----      -----    -----
  +--> ?PR?_WRITE_CMD_LCD?TEST_IC_V2_H
  +--> ?PR?_WRITE_DATA_LCD?TEST_IC_V2_H

?PR?TEST_7401_IC2_CONDITION_11?TEST_I...         -----    -----      -----    -----      -----    -----
  +--> ?PR?_WRITE_CMD_LCD?TEST_IC_V2_H
  +--> ?PR?_WRITE_DATA_LCD?TEST_IC_V2_H

?PR?TEST_IC7402_ALL?TEST_IC_V2_H                 -----    -----      -----    -----      -----    -----
  +--> ?PR?TEST_IC7402_IC1?TEST_IC_V2_H
  +--> ?PR?TEST_IC7402_IC2?TEST_IC_V2_H

?PR?TEST_IC7402_IC1?TEST_IC_V2_H                 -----    -----      -----    -----      -----    -----
  +--> ?PR?CLEAR_LCD?TEST_IC_V2_H
  +--> ?PR?LCD_LINE1?TEST_IC_V2_H
  +--> ?CO?TEST_IC_V2_H
  +--> ?PR?PRINTF?PRINTF
  +--> ?PR?PRINT_LCD?TEST_IC_V2_H
  +--> ?PR?LCD_LINE2?TEST_IC_V2_H
  +--> ?PR?LCD_LINE3?TEST_IC_V2_H
  +--> ?PR?_DELAY_TEST_7402?TEST_IC_V2_H
  +--> ?PR?_WRITE_CMD_LCD?TEST_IC_V2_H
  +--> ?PR?SOUND_TEST_STEP?TEST_IC_V2_H
  +--> ?PR?TEST_7402_IC1_CONDITION_00?TEST_I...
  +--> ?PR?TEST_7402_IC1_CONDITION_01?TEST_I...
  +--> ?PR?TEST_7402_IC1_CONDITION_10?TEST_I...
  +--> ?PR?TEST_7402_IC1_CONDITION_11?TEST_I...
  +--> ?PR?LCD_LINE4?TEST_IC_V2_H
BL51 BANKED LINKER/LOCATER V6.11                                                      08/08/2010  05:42:42  PAGE 16


  +--> ?PR?SOUND_TEST_PASS?TEST_IC_V2_H
  +--> ?PR?SOUND_TEST_FAIL?TEST_IC_V2_H

?PR?TEST_7402_IC1_CONDITION_00?TEST_I...         -----    -----      -----    -----      -----    -----
  +--> ?PR?_WRITE_CMD_LCD?TEST_IC_V2_H
  +--> ?PR?_WRITE_DATA_LCD?TEST_IC_V2_H

?PR?TEST_7402_IC1_CONDITION_01?TEST_I...         -----    -----      -----    -----      -----    -----
  +--> ?PR?_WRITE_CMD_LCD?TEST_IC_V2_H
  +--> ?PR?_WRITE_DATA_LCD?TEST_IC_V2_H

?PR?TEST_7402_IC1_CONDITION_10?TEST_I...         -----    -----      -----    -----      -----    -----
  +--> ?PR?_WRITE_CMD_LCD?TEST_IC_V2_H
  +--> ?PR?_WRITE_DATA_LCD?TEST_IC_V2_H

?PR?TEST_7402_IC1_CONDITION_11?TEST_I...         -----    -----      -----    -----      -----    -----
  +--> ?PR?_WRITE_CMD_LCD?TEST_IC_V2_H
  +--> ?PR?_WRITE_DATA_LCD?TEST_IC_V2_H

?PR?TEST_IC7402_IC2?TEST_IC_V2_H                 -----    -----      -----    -----      -----    -----
  +--> ?PR?CLEAR_LCD?TEST_IC_V2_H
  +--> ?PR?LCD_LINE1?TEST_IC_V2_H
  +--> ?CO?TEST_IC_V2_H
  +--> ?PR?PRINTF?PRINTF
  +--> ?PR?PRINT_LCD?TEST_IC_V2_H
  +--> ?PR?LCD_LINE2?TEST_IC_V2_H
  +--> ?PR?LCD_LINE3?TEST_IC_V2_H
  +--> ?PR?_DELAY_TEST_7402?TEST_IC_V2_H
  +--> ?PR?_WRITE_CMD_LCD?TEST_IC_V2_H
  +--> ?PR?SOUND_TEST_STEP?TEST_IC_V2_H
  +--> ?PR?TEST_7402_IC2_CONDITION_00?TEST_I...
  +--> ?PR?TEST_7402_IC2_CONDITION_01?TEST_I...
  +--> ?PR?TEST_7402_IC2_CONDITION_10?TEST_I...
  +--> ?PR?TEST_7402_IC2_CONDITION_11?TEST_I...
  +--> ?PR?LCD_LINE4?TEST_IC_V2_H
  +--> ?PR?SOUND_TEST_PASS?TEST_IC_V2_H
  +--> ?PR?SOUND_TEST_FAIL?TEST_IC_V2_H

?PR?TEST_7402_IC2_CONDITION_00?TEST_I...         -----    -----      -----    -----      -----    -----
  +--> ?PR?_WRITE_CMD_LCD?TEST_IC_V2_H
  +--> ?PR?_WRITE_DATA_LCD?TEST_IC_V2_H

?PR?TEST_7402_IC2_CONDITION_01?TEST_I...         -----    -----      -----    -----      -----    -----
  +--> ?PR?_WRITE_CMD_LCD?TEST_IC_V2_H
  +--> ?PR?_WRITE_DATA_LCD?TEST_IC_V2_H

?PR?TEST_7402_IC2_CONDITION_10?TEST_I...         -----    -----      -----    -----      -----    -----
  +--> ?PR?_WRITE_CMD_LCD?TEST_IC_V2_H
  +--> ?PR?_WRITE_DATA_LCD?TEST_IC_V2_H

?PR?TEST_7402_IC2_CONDITION_11?TEST_I...         -----    -----      -----    -----      -----    -----
  +--> ?PR?_WRITE_CMD_LCD?TEST_IC_V2_H
  +--> ?PR?_WRITE_DATA_LCD?TEST_IC_V2_H

?PR?TEST_IC7403_ALL?TEST_IC_V2_H                 -----    -----      -----    -----      -----    -----
  +--> ?PR?TEST_IC7403_IC1?TEST_IC_V2_H
  +--> ?PR?TEST_IC7403_IC2?TEST_IC_V2_H
BL51 BANKED LINKER/LOCATER V6.11                                                      08/08/2010  05:42:42  PAGE 17



?PR?TEST_IC7403_IC1?TEST_IC_V2_H                 -----    -----      -----    -----      -----    -----
  +--> ?PR?CLEAR_LCD?TEST_IC_V2_H
  +--> ?PR?LCD_LINE1?TEST_IC_V2_H
  +--> ?CO?TEST_IC_V2_H
  +--> ?PR?PRINTF?PRINTF
  +--> ?PR?PRINT_LCD?TEST_IC_V2_H
  +--> ?PR?LCD_LINE2?TEST_IC_V2_H
  +--> ?PR?LCD_LINE3?TEST_IC_V2_H
  +--> ?PR?_DELAY_TEST_7403?TEST_IC_V2_H
  +--> ?PR?_WRITE_CMD_LCD?TEST_IC_V2_H
  +--> ?PR?SOUND_TEST_STEP?TEST_IC_V2_H
  +--> ?PR?TEST_7403_IC1_CONDITION_00?TEST_I...
  +--> ?PR?TEST_7403_IC1_CONDITION_01?TEST_I...
  +--> ?PR?TEST_7403_IC1_CONDITION_10?TEST_I...
  +--> ?PR?TEST_7403_IC1_CONDITION_11?TEST_I...
  +--> ?PR?LCD_LINE4?TEST_IC_V2_H
  +--> ?PR?SOUND_TEST_PASS?TEST_IC_V2_H
  +--> ?PR?SOUND_TEST_FAIL?TEST_IC_V2_H

?PR?TEST_7403_IC1_CONDITION_00?TEST_I...         -----    -----      -----    -----      -----    -----
  +--> ?PR?_WRITE_CMD_LCD?TEST_IC_V2_H
  +--> ?PR?_WRITE_DATA_LCD?TEST_IC_V2_H

?PR?TEST_7403_IC1_CONDITION_01?TEST_I...         -----    -----      -----    -----      -----    -----
  +--> ?PR?_WRITE_CMD_LCD?TEST_IC_V2_H
  +--> ?PR?_WRITE_DATA_LCD?TEST_IC_V2_H

?PR?TEST_7403_IC1_CONDITION_10?TEST_I...         -----    -----      -----    -----      -----    -----
  +--> ?PR?_WRITE_CMD_LCD?TEST_IC_V2_H
  +--> ?PR?_WRITE_DATA_LCD?TEST_IC_V2_H

?PR?TEST_7403_IC1_CONDITION_11?TEST_I...         -----    -----      -----    -----      -----    -----
  +--> ?PR?_WRITE_CMD_LCD?TEST_IC_V2_H
  +--> ?PR?_WRITE_DATA_LCD?TEST_IC_V2_H

?PR?TEST_IC7403_IC2?TEST_IC_V2_H                 -----    -----      -----    -----      -----    -----
  +--> ?PR?CLEAR_LCD?TEST_IC_V2_H
  +--> ?PR?LCD_LINE1?TEST_IC_V2_H
  +--> ?CO?TEST_IC_V2_H
  +--> ?PR?PRINTF?PRINTF
  +--> ?PR?PRINT_LCD?TEST_IC_V2_H
  +--> ?PR?LCD_LINE2?TEST_IC_V2_H
  +--> ?PR?LCD_LINE3?TEST_IC_V2_H
  +--> ?PR?_DELAY_TEST_7403?TEST_IC_V2_H
  +--> ?PR?_WRITE_CMD_LCD?TEST_IC_V2_H
  +--> ?PR?SOUND_TEST_STEP?TEST_IC_V2_H
  +--> ?PR?TEST_7403_IC2_CONDITION_00?TEST_I...
  +--> ?PR?TEST_7403_IC2_CONDITION_01?TEST_I...
  +--> ?PR?TEST_7403_IC2_CONDITION_10?TEST_I...
  +--> ?PR?TEST_7403_IC2_CONDITION_11?TEST_I...
  +--> ?PR?LCD_LINE4?TEST_IC_V2_H
  +--> ?PR?SOUND_TEST_PASS?TEST_IC_V2_H
  +--> ?PR?SOUND_TEST_FAIL?TEST_IC_V2_H

?PR?TEST_7403_IC2_CONDITION_00?TEST_I...         -----    -----      -----    -----      -----    -----
  +--> ?PR?_WRITE_CMD_LCD?TEST_IC_V2_H
BL51 BANKED LINKER/LOCATER V6.11                                                      08/08/2010  05:42:42  PAGE 18


  +--> ?PR?_WRITE_DATA_LCD?TEST_IC_V2_H

?PR?TEST_7403_IC2_CONDITION_01?TEST_I...         -----    -----      -----    -----      -----    -----
  +--> ?PR?_WRITE_CMD_LCD?TEST_IC_V2_H
  +--> ?PR?_WRITE_DATA_LCD?TEST_IC_V2_H

?PR?TEST_7403_IC2_CONDITION_10?TEST_I...         -----    -----      -----    -----      -----    -----
  +--> ?PR?_WRITE_CMD_LCD?TEST_IC_V2_H
  +--> ?PR?_WRITE_DATA_LCD?TEST_IC_V2_H

?PR?TEST_7403_IC2_CONDITION_11?TEST_I...         -----    -----      -----    -----      -----    -----
  +--> ?PR?_WRITE_CMD_LCD?TEST_IC_V2_H
  +--> ?PR?_WRITE_DATA_LCD?TEST_IC_V2_H

?PR?TEST_IC7404_ALL?TEST_IC_V2_H                 -----    -----      -----    -----      -----    -----
  +--> ?PR?TEST_IC7404_IC1?TEST_IC_V2_H
  +--> ?PR?TEST_IC7404_IC2?TEST_IC_V2_H

?PR?TEST_IC7404_IC1?TEST_IC_V2_H                 -----    -----      -----    -----      -----    -----
  +--> ?PR?CLEAR_LCD?TEST_IC_V2_H
  +--> ?PR?LCD_LINE1?TEST_IC_V2_H
  +--> ?CO?TEST_IC_V2_H
  +--> ?PR?PRINTF?PRINTF
  +--> ?PR?PRINT_LCD?TEST_IC_V2_H
  +--> ?PR?LCD_LINE2?TEST_IC_V2_H
  +--> ?PR?LCD_LINE3?TEST_IC_V2_H
  +--> ?PR?LCD_LINE4?TEST_IC_V2_H
  +--> ?PR?_DELAY_TEST_7404?TEST_IC_V2_H
  +--> ?PR?_WRITE_CMD_LCD?TEST_IC_V2_H
  +--> ?PR?SOUND_TEST_STEP?TEST_IC_V2_H
  +--> ?PR?TEST_7404_IC1_CONDITION_0?TEST_IC...
  +--> ?PR?TEST_7404_IC1_CONDITION_1?TEST_IC...
  +--> ?PR?SOUND_TEST_PASS?TEST_IC_V2_H
  +--> ?PR?SOUND_TEST_FAIL?TEST_IC_V2_H

?PR?TEST_7404_IC1_CONDITION_0?TEST_IC...         -----    -----      -----    -----      -----    -----
  +--> ?PR?_WRITE_CMD_LCD?TEST_IC_V2_H
  +--> ?PR?_WRITE_DATA_LCD?TEST_IC_V2_H

?PR?TEST_7404_IC1_CONDITION_1?TEST_IC...         -----    -----      -----    -----      -----    -----
  +--> ?PR?_WRITE_CMD_LCD?TEST_IC_V2_H
  +--> ?PR?_WRITE_DATA_LCD?TEST_IC_V2_H

?PR?TEST_IC7404_IC2?TEST_IC_V2_H                 -----    -----      -----    -----      -----    -----
  +--> ?PR?CLEAR_LCD?TEST_IC_V2_H
  +--> ?PR?LCD_LINE1?TEST_IC_V2_H
  +--> ?CO?TEST_IC_V2_H
  +--> ?PR?PRINTF?PRINTF
  +--> ?PR?PRINT_LCD?TEST_IC_V2_H
  +--> ?PR?LCD_LINE2?TEST_IC_V2_H
  +--> ?PR?LCD_LINE3?TEST_IC_V2_H
  +--> ?PR?LCD_LINE4?TEST_IC_V2_H
  +--> ?PR?_DELAY_TEST_7404?TEST_IC_V2_H
  +--> ?PR?_WRITE_CMD_LCD?TEST_IC_V2_H
  +--> ?PR?SOUND_TEST_STEP?TEST_IC_V2_H
  +--> ?PR?TEST_7404_IC2_CONDITION_0?TEST_IC...
  +--> ?PR?TEST_7404_IC2_CONDITION_1?TEST_IC...
BL51 BANKED LINKER/LOCATER V6.11                                                      08/08/2010  05:42:42  PAGE 19


  +--> ?PR?SOUND_TEST_PASS?TEST_IC_V2_H
  +--> ?PR?SOUND_TEST_FAIL?TEST_IC_V2_H

?PR?TEST_7404_IC2_CONDITION_0?TEST_IC...         -----    -----      -----    -----      -----    -----
  +--> ?PR?_WRITE_CMD_LCD?TEST_IC_V2_H
  +--> ?PR?_WRITE_DATA_LCD?TEST_IC_V2_H

?PR?TEST_7404_IC2_CONDITION_1?TEST_IC...         -----    -----      -----    -----      -----    -----
  +--> ?PR?_WRITE_CMD_LCD?TEST_IC_V2_H
  +--> ?PR?_WRITE_DATA_LCD?TEST_IC_V2_H

?PR?TEST_IC7408_ALL?TEST_IC_V2_H                 -----    -----      -----    -----      -----    -----
  +--> ?PR?TEST_IC7408_IC1?TEST_IC_V2_H
  +--> ?PR?TEST_IC7408_IC2?TEST_IC_V2_H

?PR?TEST_IC7408_IC1?TEST_IC_V2_H                 -----    -----      -----    -----      -----    -----
  +--> ?PR?CLEAR_LCD?TEST_IC_V2_H
  +--> ?PR?LCD_LINE1?TEST_IC_V2_H
  +--> ?CO?TEST_IC_V2_H
  +--> ?PR?PRINTF?PRINTF
  +--> ?PR?PRINT_LCD?TEST_IC_V2_H
  +--> ?PR?LCD_LINE2?TEST_IC_V2_H
  +--> ?PR?LCD_LINE3?TEST_IC_V2_H
  +--> ?PR?_DELAY_TEST_7408?TEST_IC_V2_H
  +--> ?PR?_WRITE_CMD_LCD?TEST_IC_V2_H
  +--> ?PR?SOUND_TEST_STEP?TEST_IC_V2_H
  +--> ?PR?TEST_7408_IC1_CONDITION_00?TEST_I...
  +--> ?PR?TEST_7408_IC1_CONDITION_01?TEST_I...
  +--> ?PR?TEST_7408_IC1_CONDITION_10?TEST_I...
  +--> ?PR?TEST_7408_IC1_CONDITION_11?TEST_I...
  +--> ?PR?LCD_LINE4?TEST_IC_V2_H
  +--> ?PR?SOUND_TEST_PASS?TEST_IC_V2_H
  +--> ?PR?SOUND_TEST_FAIL?TEST_IC_V2_H

?PR?TEST_7408_IC1_CONDITION_00?TEST_I...         -----    -----      -----    -----      -----    -----
  +--> ?PR?_WRITE_CMD_LCD?TEST_IC_V2_H
  +--> ?PR?_WRITE_DATA_LCD?TEST_IC_V2_H

?PR?TEST_7408_IC1_CONDITION_01?TEST_I...         -----    -----      -----    -----      -----    -----
  +--> ?PR?_WRITE_CMD_LCD?TEST_IC_V2_H
  +--> ?PR?_WRITE_DATA_LCD?TEST_IC_V2_H

?PR?TEST_7408_IC1_CONDITION_10?TEST_I...         -----    -----      -----    -----      -----    -----
  +--> ?PR?_WRITE_CMD_LCD?TEST_IC_V2_H
  +--> ?PR?_WRITE_DATA_LCD?TEST_IC_V2_H

?PR?TEST_7408_IC1_CONDITION_11?TEST_I...         -----    -----      -----    -----      -----    -----
  +--> ?PR?_WRITE_CMD_LCD?TEST_IC_V2_H
  +--> ?PR?_WRITE_DATA_LCD?TEST_IC_V2_H

?PR?TEST_IC7408_IC2?TEST_IC_V2_H                 -----    -----      -----    -----      -----    -----
  +--> ?PR?CLEAR_LCD?TEST_IC_V2_H
  +--> ?PR?LCD_LINE1?TEST_IC_V2_H
  +--> ?CO?TEST_IC_V2_H
  +--> ?PR?PRINTF?PRINTF
  +--> ?PR?PRINT_LCD?TEST_IC_V2_H
  +--> ?PR?LCD_LINE2?TEST_IC_V2_H
BL51 BANKED LINKER/LOCATER V6.11                                                      08/08/2010  05:42:42  PAGE 20


  +--> ?PR?LCD_LINE3?TEST_IC_V2_H
  +--> ?PR?_DELAY_TEST_7408?TEST_IC_V2_H
  +--> ?PR?_WRITE_CMD_LCD?TEST_IC_V2_H
  +--> ?PR?SOUND_TEST_STEP?TEST_IC_V2_H
  +--> ?PR?TEST_7408_IC2_CONDITION_00?TEST_I...
  +--> ?PR?TEST_7408_IC2_CONDITION_01?TEST_I...
  +--> ?PR?TEST_7408_IC2_CONDITION_10?TEST_I...
  +--> ?PR?TEST_7408_IC2_CONDITION_11?TEST_I...
  +--> ?PR?LCD_LINE4?TEST_IC_V2_H
  +--> ?PR?SOUND_TEST_PASS?TEST_IC_V2_H
  +--> ?PR?SOUND_TEST_FAIL?TEST_IC_V2_H

?PR?TEST_7408_IC2_CONDITION_00?TEST_I...         -----    -----      -----    -----      -----    -----
  +--> ?PR?_WRITE_CMD_LCD?TEST_IC_V2_H
  +--> ?PR?_WRITE_DATA_LCD?TEST_IC_V2_H

?PR?TEST_7408_IC2_CONDITION_01?TEST_I...         -----    -----      -----    -----      -----    -----
  +--> ?PR?_WRITE_CMD_LCD?TEST_IC_V2_H
  +--> ?PR?_WRITE_DATA_LCD?TEST_IC_V2_H

?PR?TEST_7408_IC2_CONDITION_10?TEST_I...         -----    -----      -----    -----      -----    -----
  +--> ?PR?_WRITE_CMD_LCD?TEST_IC_V2_H
  +--> ?PR?_WRITE_DATA_LCD?TEST_IC_V2_H

?PR?TEST_7408_IC2_CONDITION_11?TEST_I...         -----    -----      -----    -----      -----    -----
  +--> ?PR?_WRITE_CMD_LCD?TEST_IC_V2_H
  +--> ?PR?_WRITE_DATA_LCD?TEST_IC_V2_H

?PR?TEST_IC7432_ALL?TEST_IC_V2_H                 -----    -----      -----    -----      -----    -----
  +--> ?PR?TEST_IC7432_IC1?TEST_IC_V2_H
  +--> ?PR?TEST_IC7432_IC2?TEST_IC_V2_H

?PR?TEST_IC7432_IC1?TEST_IC_V2_H                 -----    -----      -----    -----      -----    -----
  +--> ?PR?CLEAR_LCD?TEST_IC_V2_H
  +--> ?PR?LCD_LINE1?TEST_IC_V2_H
  +--> ?CO?TEST_IC_V2_H
  +--> ?PR?PRINTF?PRINTF
  +--> ?PR?PRINT_LCD?TEST_IC_V2_H
  +--> ?PR?LCD_LINE2?TEST_IC_V2_H
  +--> ?PR?LCD_LINE3?TEST_IC_V2_H
  +--> ?PR?_DELAY_TEST_7432?TEST_IC_V2_H
  +--> ?PR?_WRITE_CMD_LCD?TEST_IC_V2_H
  +--> ?PR?SOUND_TEST_STEP?TEST_IC_V2_H
  +--> ?PR?TEST_7432_IC1_CONDITION_00?TEST_I...
  +--> ?PR?TEST_7432_IC1_CONDITION_01?TEST_I...
  +--> ?PR?TEST_7432_IC1_CONDITION_10?TEST_I...
  +--> ?PR?TEST_7432_IC1_CONDITION_11?TEST_I...
  +--> ?PR?LCD_LINE4?TEST_IC_V2_H
  +--> ?PR?SOUND_TEST_PASS?TEST_IC_V2_H
  +--> ?PR?SOUND_TEST_FAIL?TEST_IC_V2_H

?PR?TEST_7432_IC1_CONDITION_00?TEST_I...         -----    -----      -----    -----      -----    -----
  +--> ?PR?_WRITE_CMD_LCD?TEST_IC_V2_H
  +--> ?PR?_WRITE_DATA_LCD?TEST_IC_V2_H

?PR?TEST_7432_IC1_CONDITION_01?TEST_I...         -----    -----      -----    -----      -----    -----
  +--> ?PR?_WRITE_CMD_LCD?TEST_IC_V2_H
BL51 BANKED LINKER/LOCATER V6.11                                                      08/08/2010  05:42:42  PAGE 21


  +--> ?PR?_WRITE_DATA_LCD?TEST_IC_V2_H

?PR?TEST_7432_IC1_CONDITION_10?TEST_I...         -----    -----      -----    -----      -----    -----
  +--> ?PR?_WRITE_CMD_LCD?TEST_IC_V2_H
  +--> ?PR?_WRITE_DATA_LCD?TEST_IC_V2_H

?PR?TEST_7432_IC1_CONDITION_11?TEST_I...         -----    -----      -----    -----      -----    -----
  +--> ?PR?_WRITE_CMD_LCD?TEST_IC_V2_H
  +--> ?PR?_WRITE_DATA_LCD?TEST_IC_V2_H

?PR?TEST_IC7432_IC2?TEST_IC_V2_H                 -----    -----      -----    -----      -----    -----
  +--> ?PR?CLEAR_LCD?TEST_IC_V2_H
  +--> ?PR?LCD_LINE1?TEST_IC_V2_H
  +--> ?CO?TEST_IC_V2_H
  +--> ?PR?PRINTF?PRINTF
  +--> ?PR?PRINT_LCD?TEST_IC_V2_H
  +--> ?PR?LCD_LINE2?TEST_IC_V2_H
  +--> ?PR?LCD_LINE3?TEST_IC_V2_H
  +--> ?PR?_DELAY_TEST_7432?TEST_IC_V2_H
  +--> ?PR?_WRITE_CMD_LCD?TEST_IC_V2_H
  +--> ?PR?SOUND_TEST_STEP?TEST_IC_V2_H
  +--> ?PR?TEST_7432_IC2_CONDITION_00?TEST_I...
  +--> ?PR?TEST_7432_IC2_CONDITION_01?TEST_I...
  +--> ?PR?TEST_7432_IC2_CONDITION_10?TEST_I...
  +--> ?PR?TEST_7432_IC2_CONDITION_11?TEST_I...
  +--> ?PR?LCD_LINE4?TEST_IC_V2_H
  +--> ?PR?SOUND_TEST_PASS?TEST_IC_V2_H
  +--> ?PR?SOUND_TEST_FAIL?TEST_IC_V2_H

?PR?TEST_7432_IC2_CONDITION_00?TEST_I...         -----    -----      -----    -----      -----    -----
  +--> ?PR?_WRITE_CMD_LCD?TEST_IC_V2_H
  +--> ?PR?_WRITE_DATA_LCD?TEST_IC_V2_H

?PR?TEST_7432_IC2_CONDITION_01?TEST_I...         -----    -----      -----    -----      -----    -----
  +--> ?PR?_WRITE_CMD_LCD?TEST_IC_V2_H
  +--> ?PR?_WRITE_DATA_LCD?TEST_IC_V2_H

?PR?TEST_7432_IC2_CONDITION_10?TEST_I...         -----    -----      -----    -----      -----    -----
  +--> ?PR?_WRITE_CMD_LCD?TEST_IC_V2_H
  +--> ?PR?_WRITE_DATA_LCD?TEST_IC_V2_H

?PR?TEST_7432_IC2_CONDITION_11?TEST_I...         -----    -----      -----    -----      -----    -----
  +--> ?PR?_WRITE_CMD_LCD?TEST_IC_V2_H
  +--> ?PR?_WRITE_DATA_LCD?TEST_IC_V2_H

?PR?TEST_IC7486_ALL?TEST_IC_V2_H                 -----    -----      -----    -----      -----    -----
  +--> ?PR?TEST_IC7486_IC1?TEST_IC_V2_H
  +--> ?PR?TEST_IC7486_IC2?TEST_IC_V2_H

?PR?TEST_IC7486_IC1?TEST_IC_V2_H                 -----    -----      -----    -----      -----    -----
  +--> ?PR?CLEAR_LCD?TEST_IC_V2_H
  +--> ?PR?LCD_LINE1?TEST_IC_V2_H
  +--> ?CO?TEST_IC_V2_H
  +--> ?PR?PRINTF?PRINTF
  +--> ?PR?PRINT_LCD?TEST_IC_V2_H
  +--> ?PR?LCD_LINE2?TEST_IC_V2_H
  +--> ?PR?LCD_LINE3?TEST_IC_V2_H
BL51 BANKED LINKER/LOCATER V6.11                                                      08/08/2010  05:42:42  PAGE 22


  +--> ?PR?_DELAY_TEST_7486?TEST_IC_V2_H
  +--> ?PR?_WRITE_CMD_LCD?TEST_IC_V2_H
  +--> ?PR?SOUND_TEST_STEP?TEST_IC_V2_H
  +--> ?PR?TEST_7486_IC1_CONDITION_00?TEST_I...
  +--> ?PR?TEST_7486_IC1_CONDITION_01?TEST_I...
  +--> ?PR?TEST_7486_IC1_CONDITION_10?TEST_I...
  +--> ?PR?TEST_7486_IC1_CONDITION_11?TEST_I...
  +--> ?PR?LCD_LINE4?TEST_IC_V2_H
  +--> ?PR?SOUND_TEST_PASS?TEST_IC_V2_H
  +--> ?PR?SOUND_TEST_FAIL?TEST_IC_V2_H

?PR?TEST_7486_IC1_CONDITION_00?TEST_I...         -----    -----      -----    -----      -----    -----
  +--> ?PR?_WRITE_CMD_LCD?TEST_IC_V2_H
  +--> ?PR?_WRITE_DATA_LCD?TEST_IC_V2_H

?PR?TEST_7486_IC1_CONDITION_01?TEST_I...         -----    -----      -----    -----      -----    -----
  +--> ?PR?_WRITE_CMD_LCD?TEST_IC_V2_H
  +--> ?PR?_WRITE_DATA_LCD?TEST_IC_V2_H

?PR?TEST_7486_IC1_CONDITION_10?TEST_I...         -----    -----      -----    -----      -----    -----
  +--> ?PR?_WRITE_CMD_LCD?TEST_IC_V2_H
  +--> ?PR?_WRITE_DATA_LCD?TEST_IC_V2_H

?PR?TEST_7486_IC1_CONDITION_11?TEST_I...         -----    -----      -----    -----      -----    -----
  +--> ?PR?_WRITE_CMD_LCD?TEST_IC_V2_H
  +--> ?PR?_WRITE_DATA_LCD?TEST_IC_V2_H

?PR?TEST_IC7486_IC2?TEST_IC_V2_H                 -----    -----      -----    -----      -----    -----
  +--> ?PR?CLEAR_LCD?TEST_IC_V2_H
  +--> ?PR?LCD_LINE1?TEST_IC_V2_H
  +--> ?CO?TEST_IC_V2_H
  +--> ?PR?PRINTF?PRINTF
  +--> ?PR?PRINT_LCD?TEST_IC_V2_H
  +--> ?PR?LCD_LINE2?TEST_IC_V2_H
  +--> ?PR?LCD_LINE3?TEST_IC_V2_H
  +--> ?PR?_DELAY_TEST_7486?TEST_IC_V2_H
  +--> ?PR?_WRITE_CMD_LCD?TEST_IC_V2_H
  +--> ?PR?SOUND_TEST_STEP?TEST_IC_V2_H
  +--> ?PR?TEST_7486_IC2_CONDITION_00?TEST_I...
  +--> ?PR?TEST_7486_IC2_CONDITION_01?TEST_I...
  +--> ?PR?TEST_7486_IC2_CONDITION_10?TEST_I...
  +--> ?PR?TEST_7486_IC2_CONDITION_11?TEST_I...
  +--> ?PR?LCD_LINE4?TEST_IC_V2_H
  +--> ?PR?SOUND_TEST_PASS?TEST_IC_V2_H
  +--> ?PR?SOUND_TEST_FAIL?TEST_IC_V2_H

?PR?TEST_7486_IC2_CONDITION_00?TEST_I...         -----    -----      -----    -----      -----    -----
  +--> ?PR?_WRITE_CMD_LCD?TEST_IC_V2_H
  +--> ?PR?_WRITE_DATA_LCD?TEST_IC_V2_H

?PR?TEST_7486_IC2_CONDITION_01?TEST_I...         -----    -----      -----    -----      -----    -----
  +--> ?PR?_WRITE_CMD_LCD?TEST_IC_V2_H
  +--> ?PR?_WRITE_DATA_LCD?TEST_IC_V2_H

?PR?TEST_7486_IC2_CONDITION_10?TEST_I...         -----    -----      -----    -----      -----    -----
  +--> ?PR?_WRITE_CMD_LCD?TEST_IC_V2_H
  +--> ?PR?_WRITE_DATA_LCD?TEST_IC_V2_H
BL51 BANKED LINKER/LOCATER V6.11                                                      08/08/2010  05:42:42  PAGE 23



?PR?TEST_7486_IC2_CONDITION_11?TEST_I...         -----    -----      -----    -----      -----    -----
  +--> ?PR?_WRITE_CMD_LCD?TEST_IC_V2_H
  +--> ?PR?_WRITE_DATA_LCD?TEST_IC_V2_H

?PR?PRINT_LCD_BACK_TO_MENU?TEST_IC_V2_H          -----    -----      -----    -----      -----    -----
  +--> ?PR?CLEAR_LCD?TEST_IC_V2_H
  +--> ?PR?LCD_LINE1?TEST_IC_V2_H
  +--> ?CO?TEST_IC_V2_H
  +--> ?PR?PRINTF?PRINTF
  +--> ?PR?PRINT_LCD?TEST_IC_V2_H
  +--> ?PR?LCD_LINE2?TEST_IC_V2_H
  +--> ?PR?LCD_LINE3?TEST_IC_V2_H
  +--> ?PR?LCD_LINE4?TEST_IC_V2_H



SYMBOL TABLE OF MODULE:  TEST_IC_V2_H (TEST_IC_V2_H)

  VALUE           TYPE          NAME
  ----------------------------------

  -------         MODULE        TEST_IC_V2_H
  C:0000H         SYMBOL        _ICE_DUMMY_
  B:0080H.0       PUBLIC        IC7486_IC1_PIN1
  B:00A0H.3       PUBLIC        IC7432_IC2_PIN9
  B:00A0H.1       PUBLIC        IC7408_IC2_PIN6
  C:4930H         PUBLIC        test_7402_IC2_condition_00
  C:4800H         PUBLIC        test_7401_IC2_condition_10
  C:46EDH         PUBLIC        test_7401_IC2_condition_01
  B:0080H.1       PUBLIC        IC7486_IC1_PIN2
  B:0090H.4       PUBLIC        IC7486_IC2_PIN1
  B:0080H.6       PUBLIC        IC7408_IC1_PIN8
  C:59C5H         PUBLIC        test_7402_IC2_condition_10
  C:592EH         PUBLIC        test_7402_IC2_condition_01
  C:5685H         PUBLIC        test_7401_IC2_condition_11
  C:7E38H         PUBLIC        enable_lcd
  D:0080H         PUBLIC        P0
  B:0080H.2       PUBLIC        IC7486_IC1_PIN3
  B:0090H.5       PUBLIC        IC7486_IC2_PIN2
  B:0080H.7       PUBLIC        IC7408_IC1_PIN9
  B:00A0H.2       PUBLIC        IC7408_IC2_PIN8
  C:5A5CH         PUBLIC        test_7402_IC2_condition_11
  D:0090H         PUBLIC        P1
  X:0000H         PUBLIC        keypad
  C:3951H         PUBLIC        test_ic7486_all_auto
  B:0080H.3       PUBLIC        IC7486_IC1_PIN4
  B:0090H.6       PUBLIC        IC7486_IC2_PIN3
  B:00A0H.3       PUBLIC        IC7408_IC2_PIN9
  D:00A0H         PUBLIC        P2
  X:0001H         PUBLIC        keypad_value
  B:0080H.4       PUBLIC        IC7486_IC1_PIN5
  B:0090H.7       PUBLIC        IC7486_IC2_PIN4
  D:00B0H         PUBLIC        P3
  B:0080H.5       PUBLIC        IC7486_IC1_PIN6
  B:00A0H.0       PUBLIC        IC7486_IC2_PIN5
  D:00C0H         PUBLIC        P4
BL51 BANKED LINKER/LOCATER V6.11                                                      08/08/2010  05:42:42  PAGE 24


  B:00A0H.1       PUBLIC        IC7486_IC2_PIN6
  B:0080H.6       PUBLIC        IC7486_IC1_PIN8
  B:0080H.7       PUBLIC        IC7486_IC1_PIN9
  B:00A0H.2       PUBLIC        IC7486_IC2_PIN8
  B:00A0H.3       PUBLIC        IC7486_IC2_PIN9
  X:0003H         PUBLIC        keypad_mode
  X:0005H         PUBLIC        round_keypad
  C:3D05H         PUBLIC        test_7404_ic1_condition_0
  C:3EB5H         PUBLIC        test_7404_ic1_condition_1
  C:7E44H         PUBLIC        i2c_start
  C:57C2H         PUBLIC        _delay
  X:0007H         PUBLIC        lcd_buffer
  C:3F8CH         PUBLIC        print_lcd_back_to_menu
  C:222CH         PUBLIC        test_ic7400_ic1
  C:37F2H         PUBLIC        i2c_clk
  C:2800H         PUBLIC        test_ic7401_ic1
  C:2456H         PUBLIC        test_ic7400_ic2
  C:0800H         PUBLIC        test_ic7402_ic1
  C:2A2AH         PUBLIC        test_ic7401_ic2
  C:0C58H         PUBLIC        test_ic7403_ic1
  C:0A2CH         PUBLIC        test_ic7402_ic2
  C:2C54H         PUBLIC        test_ic7404_ic1
  C:1000H         PUBLIC        test_ic7403_ic2
  C:2FBBH         PUBLIC        _delay_sound
  C:0FF7H         PUBLIC        clear_lcd
  C:1800H         PUBLIC        test_ic7432_ic1
  C:3000H         PUBLIC        test_ic7404_ic2
  C:1A2CH         PUBLIC        test_ic7432_ic2
  B:0090H.0       PUBLIC        IC7400_IC1_PIN10
  B:0090H.0       PUBLIC        IC7401_IC1_PIN10
  B:0090H.1       PUBLIC        IC7400_IC1_PIN11
  B:00A0H.4       PUBLIC        IC7400_IC2_PIN10
  C:122CH         PUBLIC        test_ic7408_ic1
  B:0090H.0       PUBLIC        IC7402_IC1_PIN10
  B:0090H.1       PUBLIC        IC7401_IC1_PIN11
  B:00A0H.4       PUBLIC        IC7401_IC2_PIN10
  B:0090H.2       PUBLIC        IC7400_IC1_PIN12
  B:00A0H.5       PUBLIC        IC7400_IC2_PIN11
  C:1458H         PUBLIC        test_ic7408_ic2
  B:0090H.0       PUBLIC        IC7403_IC1_PIN10
  B:0090H.1       PUBLIC        IC7402_IC1_PIN11
  B:00A0H.4       PUBLIC        IC7402_IC2_PIN10
  B:0090H.2       PUBLIC        IC7401_IC1_PIN12
  B:00A0H.5       PUBLIC        IC7401_IC2_PIN11
  B:0090H.3       PUBLIC        IC7400_IC1_PIN13
  B:00A0H.6       PUBLIC        IC7400_IC2_PIN12
  C:1E84H         PUBLIC        test_manual
  B:0090H.0       PUBLIC        IC7404_IC1_PIN10
  B:0090H.1       PUBLIC        IC7403_IC1_PIN11
  B:00A0H.4       PUBLIC        IC7403_IC2_PIN10
  B:0090H.2       PUBLIC        IC7402_IC1_PIN12
  B:00A0H.5       PUBLIC        IC7402_IC2_PIN11
  B:0090H.3       PUBLIC        IC7401_IC1_PIN13
  B:00A0H.6       PUBLIC        IC7401_IC2_PIN12
  B:00A0H.7       PUBLIC        IC7400_IC2_PIN13
  B:0090H.0       PUBLIC        IC7432_IC1_PIN10
  B:0090H.1       PUBLIC        IC7404_IC1_PIN11
BL51 BANKED LINKER/LOCATER V6.11                                                      08/08/2010  05:42:42  PAGE 25


  B:00A0H.4       PUBLIC        IC7404_IC2_PIN10
  B:0090H.2       PUBLIC        IC7403_IC1_PIN12
  B:00A0H.5       PUBLIC        IC7403_IC2_PIN11
  B:0090H.3       PUBLIC        IC7402_IC1_PIN13
  B:00A0H.6       PUBLIC        IC7402_IC2_PIN12
  B:00A0H.7       PUBLIC        IC7401_IC2_PIN13
  C:07FCH         PUBLIC        main
  B:0090H.1       PUBLIC        IC7432_IC1_PIN11
  B:00A0H.4       PUBLIC        IC7432_IC2_PIN10
  B:0090H.2       PUBLIC        IC7404_IC1_PIN12
  B:00A0H.5       PUBLIC        IC7404_IC2_PIN11
  B:0090H.3       PUBLIC        IC7403_IC1_PIN13
  B:00A0H.6       PUBLIC        IC7403_IC2_PIN12
  B:00A0H.7       PUBLIC        IC7402_IC2_PIN13
  C:7697H         PUBLIC        _delay_lcd
  B:0090H.2       PUBLIC        IC7432_IC1_PIN12
  B:00A0H.5       PUBLIC        IC7432_IC2_PIN11
  B:0090H.3       PUBLIC        IC7404_IC1_PIN13
  B:00A0H.6       PUBLIC        IC7404_IC2_PIN12
  B:00A0H.7       PUBLIC        IC7403_IC2_PIN13
  C:17EDH         PUBLIC        i2c_stop
  C:1C58H         PUBLIC        test_ic7486_ic1
  B:0090H.3       PUBLIC        IC7432_IC1_PIN13
  B:00A0H.6       PUBLIC        IC7432_IC2_PIN12
  B:0090H.0       PUBLIC        IC7408_IC1_PIN10
  B:00A0H.7       PUBLIC        IC7404_IC2_PIN13
  C:2000H         PUBLIC        test_ic7486_ic2
  B:00A0H.7       PUBLIC        IC7432_IC2_PIN13
  B:0090H.1       PUBLIC        IC7408_IC1_PIN11
  B:00A0H.4       PUBLIC        IC7408_IC2_PIN10
  B:0090H.2       PUBLIC        IC7408_IC1_PIN12
  B:00A0H.5       PUBLIC        IC7408_IC2_PIN11
  B:0090H.3       PUBLIC        IC7408_IC1_PIN13
  B:00A0H.6       PUBLIC        IC7408_IC2_PIN12
  C:4785H         PUBLIC        test_7404_ic1_condition_0_auto
  B:00B0H.0       PUBLIC        sound
  B:00A0H.7       PUBLIC        IC7408_IC2_PIN13
  C:652CH         PUBLIC        test_7404_ic1_condition_1_auto
  C:658DH         PUBLIC        test_7404_ic2_condition_0_auto
  C:65EEH         PUBLIC        test_7404_ic2_condition_1_auto
  B:0090H.0       PUBLIC        IC7486_IC1_PIN10
  B:0090H.1       PUBLIC        IC7486_IC1_PIN11
  B:00A0H.4       PUBLIC        IC7486_IC2_PIN10
  B:0090H.2       PUBLIC        IC7486_IC1_PIN12
  B:00A0H.5       PUBLIC        IC7486_IC2_PIN11
  B:0090H.3       PUBLIC        IC7486_IC1_PIN13
  B:00A0H.6       PUBLIC        IC7486_IC2_PIN12
  B:00A0H.7       PUBLIC        IC7486_IC2_PIN13
  C:7AFDH         PUBLIC        test_ic7400_ic1_auto
  C:7B61H         PUBLIC        test_ic7401_ic1_auto
  C:7B2FH         PUBLIC        test_ic7400_ic2_auto
  X:0018H         PUBLIC        keypad_sum
  C:7BC5H         PUBLIC        test_ic7402_ic1_auto
  C:7B93H         PUBLIC        test_ic7401_ic2_auto
  B:00C0H.1       PUBLIC        sda
  C:7C29H         PUBLIC        test_ic7403_ic1_auto
  C:7BF7H         PUBLIC        test_ic7402_ic2_auto
BL51 BANKED LINKER/LOCATER V6.11                                                      08/08/2010  05:42:42  PAGE 26


  C:64A8H         PUBLIC        input_mode
  C:778FH         PUBLIC        test_ic7404_ic1_auto
  C:7C5BH         PUBLIC        test_ic7403_ic2_auto
  C:7CF1H         PUBLIC        test_ic7432_ic1_auto
  C:7800H         PUBLIC        test_ic7404_ic2_auto
  C:375AH         PUBLIC        test_7400_ic1_condition_00
  C:7D23H         PUBLIC        test_ic7432_ic2_auto
  C:448DH         PUBLIC        test_7401_ic1_condition_00
  C:422DH         PUBLIC        test_7400_ic1_condition_10
  C:4195H         PUBLIC        test_7400_ic1_condition_01
  C:42C5H         PUBLIC        test_7400_ic2_condition_00
  C:6392H         PUBLIC        _sound_freq
  C:4898H         PUBLIC        test_7402_ic1_condition_00
  C:45BDH         PUBLIC        test_7401_ic1_condition_10
  C:4525H         PUBLIC        test_7401_ic1_condition_01
  C:54C0H         PUBLIC        test_7400_ic1_condition_11
  C:43F5H         PUBLIC        test_7400_ic2_condition_10
  C:435DH         PUBLIC        test_7400_ic2_condition_01
  C:7C8DH         PUBLIC        test_ic7408_ic1_auto
  C:49C8H         PUBLIC        test_7403_ic1_condition_00
  C:5800H         PUBLIC        test_7402_ic1_condition_10
  C:571CH         PUBLIC        test_7402_ic1_condition_01
  C:55EEH         PUBLIC        test_7401_ic1_condition_11
  C:5557H         PUBLIC        test_7400_ic2_condition_11
  C:7CBFH         PUBLIC        test_ic7408_ic2_auto
  C:4AF8H         PUBLIC        test_7403_ic1_condition_10
  C:4A60H         PUBLIC        test_7403_ic1_condition_01
  C:4B90H         PUBLIC        test_7403_ic2_condition_00
  C:5897H         PUBLIC        test_7402_ic1_condition_11
  C:7E18H         PUBLIC        _write_data_lcd
  X:001AH         PUBLIC        keypad_sum_main
  C:6000H         PUBLIC        test_7432_ic1_condition_00
  C:5AF3H         PUBLIC        test_7403_ic1_condition_11
  C:4CC0H         PUBLIC        test_7403_ic2_condition_10
  C:4C28H         PUBLIC        test_7403_ic2_condition_01
  C:4F20H         PUBLIC        test_7432_ic1_condition_10
  C:4E88H         PUBLIC        test_7432_ic1_condition_01
  C:6097H         PUBLIC        test_7432_ic2_condition_00
  C:5B8AH         PUBLIC        test_7403_ic2_condition_11
  C:5000H         PUBLIC        test_7432_ic1_condition_11
  C:5130H         PUBLIC        test_7432_ic2_condition_10
  C:5098H         PUBLIC        test_7432_ic2_condition_01
  B:00C0H.0       PUBLIC        scl
  C:51C8H         PUBLIC        test_7432_ic2_condition_11
  C:5C21H         PUBLIC        test_7408_ic1_condition_00
  C:7D55H         PUBLIC        test_ic7486_ic1_auto
  C:5D4FH         PUBLIC        test_7408_ic1_condition_10
  C:5CB8H         PUBLIC        test_7408_ic1_condition_01
  C:5DE6H         PUBLIC        test_7408_ic2_condition_00
  C:7AC5H         PUBLIC        print_lcd
  C:7D87H         PUBLIC        test_ic7486_ic2_auto
  C:4D58H         PUBLIC        test_7408_ic1_condition_11
[...]
  C:52CEH         LINE#         509
  C:52CEH         LINE#         510
  C:52D6H         LINE#         511
  C:52D6H         LINE#         513
  C:52DBH         LINE#         514
  C:52DBH         LINE#         515
  C:52EEH         LINE#         516
  C:52EFH         LINE#         518
  C:52EFH         LINE#         519
  C:52F7H         LINE#         520
  C:52F7H         LINE#         522
  -------         ENDPROC       TEST_7486_IC1_CONDITION_01
  -------         PROC          TEST_7486_IC1_CONDITION_10
  C:52F8H         LINE#         524
  C:52F8H         LINE#         525
  C:52F8H         LINE#         526
  C:52FCH         LINE#         527
  C:5300H         LINE#         528
  C:5304H         LINE#         529
  C:5308H         LINE#         531
  C:530DH         LINE#         532
  C:530DH         LINE#         533
BL51 BANKED LINKER/LOCATER V6.11                                                      08/08/2010  05:42:42  PAGE 112


  C:5320H         LINE#         534
  C:5322H         LINE#         536
  C:5322H         LINE#         537
  C:532AH         LINE#         538
  C:532AH         LINE#         540
  C:532FH         LINE#         541
  C:532FH         LINE#         542
  C:5342H         LINE#         543
  C:5344H         LINE#         545
  C:5344H         LINE#         546
  C:534CH         LINE#         547
  C:534CH         LINE#         550
  C:5351H         LINE#         551
  C:5351H         LINE#         552
  C:5364H         LINE#         553
  C:5366H         LINE#         556
  C:5366H         LINE#         557
  C:536EH         LINE#         558
  C:536EH         LINE#         560
  C:5373H         LINE#         561
  C:5373H         LINE#         562
  C:5386H         LINE#         563
  C:5387H         LINE#         565
  C:5387H         LINE#         566
  C:538FH         LINE#         567
  C:538FH         LINE#         569
  -------         ENDPROC       TEST_7486_IC1_CONDITION_10
  -------         PROC          TEST_7486_IC1_CONDITION_11
  C:61C5H         LINE#         572
  C:61C5H         LINE#         573
  C:61C5H         LINE#         574
  C:61C9H         LINE#         575
  C:61CDH         LINE#         576
  C:61D1H         LINE#         577
  C:61D5H         LINE#         579
  C:61DAH         LINE#         580
  C:61DAH         LINE#         581
  C:61E2H         LINE#         582
  C:61E4H         LINE#         584
  C:61E4H         LINE#         585
  C:61F7H         LINE#         586
  C:61F7H         LINE#         588
  C:61FCH         LINE#         589
  C:61FCH         LINE#         590
  C:6204H         LINE#         591
  C:6206H         LINE#         593
  C:6206H         LINE#         594
  C:6219H         LINE#         595
  C:6219H         LINE#         598
  C:621EH         LINE#         599
  C:621EH         LINE#         600
  C:6226H         LINE#         601
  C:6228H         LINE#         604
  C:6228H         LINE#         605
  C:623BH         LINE#         606
  C:623BH         LINE#         608
  C:6240H         LINE#         609
BL51 BANKED LINKER/LOCATER V6.11                                                      08/08/2010  05:42:42  PAGE 113


  C:6240H         LINE#         610
  C:6248H         LINE#         611
  C:6248H         LINE#         613
  C:6248H         LINE#         614
  C:625BH         LINE#         615
  C:625BH         LINE#         617
  -------         ENDPROC       TEST_7486_IC1_CONDITION_11
  -------         PROC          TEST_7486_IC2_CONDITION_00
  C:625CH         LINE#         623
  C:625CH         LINE#         624
  C:625CH         LINE#         625
  C:6260H         LINE#         626
  C:6264H         LINE#         627
  C:6268H         LINE#         628
  C:626CH         LINE#         631
  C:6271H         LINE#         632
  C:6271H         LINE#         633
  C:6279H         LINE#         634
  C:627BH         LINE#         636
  C:627BH         LINE#         637
  C:628EH         LINE#         638
  C:628EH         LINE#         640
  C:6293H         LINE#         641
  C:6293H         LINE#         642
  C:629BH         LINE#         643
  C:629DH         LINE#         645
  C:629DH         LINE#         646
  C:62B0H         LINE#         647
  C:62B0H         LINE#         650
  C:62B5H         LINE#         651
  C:62B5H         LINE#         652
  C:62BDH         LINE#         653
  C:62BFH         LINE#         656
  C:62BFH         LINE#         657
  C:62D2H         LINE#         658
  C:62D2H         LINE#         660
  C:62D7H         LINE#         661
  C:62D7H         LINE#         662
  C:62DFH         LINE#         663
  C:62DFH         LINE#         665
  C:62DFH         LINE#         666
  C:62F2H         LINE#         667
  C:62F2H         LINE#         669
  -------         ENDPROC       TEST_7486_IC2_CONDITION_00
  -------         PROC          TEST_7486_IC2_CONDITION_01
  C:5390H         LINE#         671
  C:5390H         LINE#         672
  C:5390H         LINE#         673
  C:5394H         LINE#         674
  C:5398H         LINE#         675
  C:539CH         LINE#         676
  C:53A0H         LINE#         678
  C:53A5H         LINE#         679
  C:53A5H         LINE#         680
  C:53B8H         LINE#         681
  C:53BAH         LINE#         683
  C:53BAH         LINE#         684
BL51 BANKED LINKER/LOCATER V6.11                                                      08/08/2010  05:42:42  PAGE 114


  C:53C2H         LINE#         685
  C:53C2H         LINE#         687
  C:53C7H         LINE#         688
  C:53C7H         LINE#         689
  C:53DAH         LINE#         690
  C:53DCH         LINE#         692
  C:53DCH         LINE#         693
  C:53E4H         LINE#         694
  C:53E4H         LINE#         696
  C:53E9H         LINE#         697
  C:53E9H         LINE#         698
  C:53FCH         LINE#         699
  C:53FEH         LINE#         702
  C:53FEH         LINE#         703
  C:5406H         LINE#         704
  C:5406H         LINE#         706
  C:540BH         LINE#         707
  C:540BH         LINE#         708
  C:541EH         LINE#         709
  C:541FH         LINE#         711
  C:541FH         LINE#         712
  C:5427H         LINE#         713
  C:5427H         LINE#         715
  -------         ENDPROC       TEST_7486_IC2_CONDITION_01
  -------         PROC          TEST_7486_IC2_CONDITION_10
  C:5428H         LINE#         717
  C:5428H         LINE#         718
  C:5428H         LINE#         719
  C:542CH         LINE#         720
  C:5430H         LINE#         721
  C:5434H         LINE#         722
  C:5438H         LINE#         724
  C:543DH         LINE#         725
  C:543DH         LINE#         726
  C:5450H         LINE#         727
  C:5452H         LINE#         729
  C:5452H         LINE#         730
  C:545AH         LINE#         731
  C:545AH         LINE#         733
  C:545FH         LINE#         734
  C:545FH         LINE#         735
  C:5472H         LINE#         736
  C:5474H         LINE#         738
  C:5474H         LINE#         739
  C:547CH         LINE#         740
  C:547CH         LINE#         743
  C:5481H         LINE#         744
  C:5481H         LINE#         745
  C:5494H         LINE#         746
  C:5496H         LINE#         749
  C:5496H         LINE#         750
  C:549EH         LINE#         751
  C:549EH         LINE#         753
  C:54A3H         LINE#         754
  C:54A3H         LINE#         755
  C:54B6H         LINE#         756
  C:54B7H         LINE#         758
BL51 BANKED LINKER/LOCATER V6.11                                                      08/08/2010  05:42:42  PAGE 115


  C:54B7H         LINE#         759
  C:54BFH         LINE#         760
  C:54BFH         LINE#         762
  -------         ENDPROC       TEST_7486_IC2_CONDITION_10
  -------         PROC          TEST_7486_IC2_CONDITION_11
  C:62F3H         LINE#         765
  C:62F3H         LINE#         766
  C:62F3H         LINE#         767
  C:62F7H         LINE#         768
  C:62FBH         LINE#         769
  C:62FFH         LINE#         770
  C:6303H         LINE#         772
  C:6308H         LINE#         773
  C:6308H         LINE#         774
  C:6310H         LINE#         775
  C:6312H         LINE#         777
  C:6312H         LINE#         778
  C:6325H         LINE#         779
  C:6325H         LINE#         781
  C:632AH         LINE#         782
  C:632AH         LINE#         783
  C:6332H         LINE#         784
  C:6334H         LINE#         786
  C:6334H         LINE#         787
  C:6347H         LINE#         788
  C:6347H         LINE#         791
  C:634CH         LINE#         792
  C:634CH         LINE#         793
  C:6354H         LINE#         794
  C:6356H         LINE#         797
  C:6356H         LINE#         798
  C:6369H         LINE#         799
  C:6369H         LINE#         801
  C:636EH         LINE#         802
  C:636EH         LINE#         803
  C:6376H         LINE#         804
  C:6376H         LINE#         806
  C:6376H         LINE#         807
  C:6389H         LINE#         808
  C:6389H         LINE#         811
  -------         ENDPROC       TEST_7486_IC2_CONDITION_11
  -------         PROC          MAIN
  C:07FCH         LINE#         29
  C:07FCH         LINE#         30
  C:07FCH         LINE#         31
  -------         ENDPROC       MAIN
  -------         PROC          MAIN_TEST
  C:05F8H         LINE#         34
  C:05F8H         LINE#         35
  C:05F8H         LINE#         36
  C:05FEH         LINE#         37
  C:0603H         LINE#         38
  C:0608H         LINE#         39
  C:060CH         LINE#         40
  C:0611H         LINE#         41
  C:0614H         LINE#         42
  C:0617H         LINE#         43
BL51 BANKED LINKER/LOCATER V6.11                                                      08/08/2010  05:42:42  PAGE 116


  C:0620H         LINE#         45
  C:0623H         LINE#         46
  C:063FH         LINE#         47
  C:065BH         LINE#         48
  C:0677H         LINE#         49
  C:0693H         LINE#         50
  C:0696H         LINE#         52
  C:0699H         LINE#         53
  C:06B5H         LINE#         54
  C:06D1H         LINE#         55
  C:06EDH         LINE#         56
  C:0709H         LINE#         57
  C:0710H         LINE#         59
  C:071AH         LINE#         63
  C:0725H         LINE#         64
  C:0725H         LINE#         65
  C:0728H         LINE#         66
  C:072BH         LINE#         67
  C:072EH         LINE#         68
  C:074AH         LINE#         69
  C:0766H         LINE#         70
  C:0782H         LINE#         71
  C:079EH         LINE#         72
  C:07A1H         LINE#         73
  C:07A1H         LINE#         74
  -------         ENDPROC       MAIN_TEST
  -------         PROC          INPUT_MODE
  C:64A8H         LINE#         76
  C:64A8H         LINE#         77
  C:64A8H         LINE#         78
  C:64AEH         LINE#         79
  C:64BCH         LINE#         80
  C:64BCH         LINE#         81
  C:64BCH         LINE#         82
  C:64C3H         LINE#         83
  C:64C7H         LINE#         84
  C:64C7H         LINE#         85
  C:64CCH         LINE#         86
  C:64D3H         LINE#         87
  C:64DAH         LINE#         88
  C:64DAH         LINE#         89
  C:64E1H         LINE#         90
  C:64E3H         LINE#         91
  C:64E6H         LINE#         92
  C:650AH         LINE#         93
  C:6514H         LINE#         94
  C:6517H         LINE#         95
  C:6522H         LINE#         96
  C:6522H         LINE#         97
  C:6524H         LINE#         98
  C:652BH         LINE#         99
  -------         ENDPROC       INPUT_MODE
  -------         PROC          TEST_AUTO
  C:2680H         LINE#         101
  C:2680H         LINE#         102
  C:2680H         LINE#         103
  C:2683H         LINE#         104
BL51 BANKED LINKER/LOCATER V6.11                                                      08/08/2010  05:42:42  PAGE 117


  C:269FH         LINE#         105
  C:26BBH         LINE#         106
  C:26D7H         LINE#         107
  C:26F3H         LINE#         109
  C:26F6H         LINE#         111
  C:26F9H         LINE#         113
  C:272BH         LINE#         114
  C:272BH         LINE#         115
  C:2730H         LINE#         116
  C:2735H         LINE#         117
  C:273AH         LINE#         118
  C:273FH         LINE#         119
  C:2744H         LINE#         120
  C:2749H         LINE#         121
  C:274EH         LINE#         122
  C:2753H         LINE#         124
  C:2756H         LINE#         125
  C:2772H         LINE#         126
  C:278EH         LINE#         127
  C:27B7H         LINE#         128
  C:27D3H         LINE#         129
  C:27D6H         LINE#         131
  C:27D6H         LINE#         132
  -------         ENDPROC       TEST_AUTO
  -------         PROC          TEST_MANUAL
  C:1E84H         LINE#         134
  C:1E84H         LINE#         135
  C:1E84H         LINE#         136
  C:1E87H         LINE#         137
  C:1EA3H         LINE#         138
  C:1EBFH         LINE#         139
  C:1EDBH         LINE#         140
  C:1EF7H         LINE#         142
  C:1EFAH         LINE#         144
  C:1EFDH         LINE#         146
  C:1F2FH         LINE#         147
  C:1F2FH         LINE#         148
  C:1F34H         LINE#         149
  C:1F39H         LINE#         150
  C:1F3EH         LINE#         151
  C:1F43H         LINE#         152
  C:1F48H         LINE#         153
  C:1F4DH         LINE#         154
  C:1F52H         LINE#         155
  C:1F5AH         LINE#         157
  C:1F5DH         LINE#         158
  C:1F79H         LINE#         159
  C:1F95H         LINE#         160
  C:1FBEH         LINE#         161
  C:1FDAH         LINE#         162
  C:1FDDH         LINE#         164
  C:1FDDH         LINE#         165
  -------         ENDPROC       TEST_MANUAL
  -------         PROC          INPUT_NUMBER_IC
  C:40D7H         LINE#         167
  C:40D7H         LINE#         168
  C:40D7H         LINE#         169
BL51 BANKED LINKER/LOCATER V6.11                                                      08/08/2010  05:42:42  PAGE 118


  C:40DDH         LINE#         170
  C:40EDH         LINE#         171
  C:40EDH         LINE#         172
  C:40EDH         LINE#         173
  C:40F4H         LINE#         174
  C:40F8H         LINE#         175
  C:40F8H         LINE#         176
  C:40FDH         LINE#         177
  C:4104H         LINE#         178
  C:410BH         LINE#         179
  C:410BH         LINE#         180
  C:4112H         LINE#         181
  C:4114H         LINE#         182
  C:4117H         LINE#         183
  C:4140H         LINE#         184
  C:414BH         LINE#         185
  C:4155H         LINE#         186
  C:4155H         LINE#         187
  C:416AH         LINE#         188
  C:416AH         LINE#         189
  C:4170H         LINE#         190
  C:4170H         LINE#         191
  C:4180H         LINE#         192
  C:4180H         LINE#         193
  C:418BH         LINE#         194
  C:418BH         LINE#         195
  C:418DH         LINE#         196
  C:4194H         LINE#         197
  -------         ENDPROC       INPUT_NUMBER_IC
  -------         PROC          BACK_TO_MENU
  C:5FABH         LINE#         199
  C:5FABH         LINE#         200
  C:5FABH         LINE#         201
  C:5FB1H         LINE#         202
  C:5FBFH         LINE#         203
  C:5FBFH         LINE#         204
  C:5FBFH         LINE#         205
  C:5FC6H         LINE#         206
  C:5FCAH         LINE#         207
  C:5FCAH         LINE#         208
  C:5FD2H         LINE#         209
  C:5FD9H         LINE#         210
  C:5FD9H         LINE#         211
  C:5FE0H         LINE#         212
  C:5FE2H         LINE#         213
  C:5FE5H         LINE#         214
  C:5FF0H         LINE#         215
  C:5FF0H         LINE#         216
  C:5FF3H         LINE#         217
  C:5FF5H         LINE#         218
  C:5FF5H         LINE#         219
  C:5FF5H         LINE#         221
  -------         ENDPROC       BACK_TO_MENU
  -------         PROC          PRINT_LCD_BACK_TO_MENU
  C:3F8CH         LINE#         222
  C:3F8CH         LINE#         223
  C:3F8CH         LINE#         224
BL51 BANKED LINKER/LOCATER V6.11                                                      08/08/2010  05:42:42  PAGE 119


  C:3F8FH         LINE#         225
  C:3FABH         LINE#         226
  C:3FC7H         LINE#         227
  C:3FE3H         LINE#         228
  -------         ENDPROC       PRINT_LCD_BACK_TO_MENU
  C:57B9H         SYMBOL        L?1459
  C:57BAH         SYMBOL        L?1460
  C:57BEH         SYMBOL        L?1461
  -------         PROC          L?1458
  -------         ENDPROC       L?1458
  C:57B9H         SYMBOL        L?1459
  C:57BAH         SYMBOL        L?1460
  C:57BEH         SYMBOL        L?1461
  -------         PROC          _DELAY
  X:00C5H         SYMBOL        i
  C:57C2H         LINE#         231
  C:57C2H         LINE#         232
  C:57C4H         LINE#         233
  C:57FFH         LINE#         235
  -------         ENDPROC       _DELAY
  -------         ENDMOD        TEST_IC_V2_H

  -------         MODULE        ?C?CLDPTR
  C:3AA2H         PUBLIC        ?C?CLDPTR
  -------         ENDMOD        ?C?CLDPTR

  -------         MODULE        ?C?IMUL
  C:3ABBH         PUBLIC        ?C?IMUL
  -------         ENDMOD        ?C?IMUL

  -------         MODULE        ?C?SIDIV
  C:3ACDH         PUBLIC        ?C?SIDIV
  -------         ENDMOD        ?C?SIDIV

  -------         MODULE        ?C?ULCMP
  C:3B03H         PUBLIC        ?C?ULCMP
  -------         ENDMOD        ?C?ULCMP

  -------         MODULE        ?C?LSTPDATA
  C:3B14H         PUBLIC        ?C?LSTPDATA
  -------         ENDMOD        ?C?LSTPDATA

  -------         MODULE        PRINTF
  X:00C5H         PUBLIC        ?_PRINTF517?BYTE
  X:00C5H         PUBLIC        ?_PRINTF?BYTE
  X:00C5H         PUBLIC        ?_SPRINTF517?BYTE
  X:00C5H         PUBLIC        ?_SPRINTF?BYTE
  C:0065H         PUBLIC        _PRINTF
  C:0065H         PUBLIC        _PRINTF517
  C:005FH         PUBLIC        _SPRINTF
  C:005FH         PUBLIC        _SPRINTF517
  -------         ENDMOD        PRINTF

  -------         MODULE        ?C?CLDOPTR
  C:3B20H         PUBLIC        ?C?CLDOPTR
  -------         ENDMOD        ?C?CLDOPTR

BL51 BANKED LINKER/LOCATER V6.11                                                      08/08/2010  05:42:42  PAGE 120


  -------         MODULE        ?C?CSTPTR
  C:3B4DH         PUBLIC        ?C?CSTPTR
  -------         ENDMOD        ?C?CSTPTR

  -------         MODULE        ?C?UIDIV
  C:3B5FH         PUBLIC        ?C?UIDIV
  -------         ENDMOD        ?C?UIDIV

  -------         MODULE        ?C?PLDIPDATA
  C:3BB4H         PUBLIC        ?C?PLDIPDATA
  -------         ENDMOD        ?C?PLDIPDATA

  -------         MODULE        ?C?PSTPDATA
  C:3BC4H         PUBLIC        ?C?PSTPDATA
  -------         ENDMOD        ?C?PSTPDATA

  -------         MODULE        ?C?CCASE
  C:3BCDH         PUBLIC        ?C?CCASE
  -------         ENDMOD        ?C?CCASE

  -------         MODULE        PUTCHAR
  C:7DB9H         PUBLIC        _PUTCHAR
  -------         ENDMOD        PUTCHAR

Program Size: data=15.1 xdata=212 code=32343
LINK/LOCATE RUN COMPLETE.  0 WARNING(S),  0 ERROR(S)
